Component: ARM Compiler 5.06 update 6 (build 750) Tool: armlink [4d35ed]

==============================================================================

Section Cross References

    startup_stm32f103xe.o(RESET) refers to startup_stm32f103xe.o(STACK) for __initial_sp
    startup_stm32f103xe.o(RESET) refers to startup_stm32f103xe.o(.text) for Reset_Handler
    startup_stm32f103xe.o(RESET) refers to stm32f1xx_it.o(i.NMI_Handler) for NMI_Handler
    startup_stm32f103xe.o(RESET) refers to stm32f1xx_it.o(i.HardFault_Handler) for HardFault_Handler
    startup_stm32f103xe.o(RESET) refers to stm32f1xx_it.o(i.MemManage_Handler) for MemManage_Handler
    startup_stm32f103xe.o(RESET) refers to stm32f1xx_it.o(i.BusFault_Handler) for BusFault_Handler
    startup_stm32f103xe.o(RESET) refers to stm32f1xx_it.o(i.UsageFault_Handler) for UsageFault_Handler
    startup_stm32f103xe.o(RESET) refers to stm32f1xx_it.o(i.SVC_Handler) for SVC_Handler
    startup_stm32f103xe.o(RESET) refers to stm32f1xx_it.o(i.DebugMon_Handler) for DebugMon_Handler
    startup_stm32f103xe.o(RESET) refers to stm32f1xx_it.o(i.PendSV_Handler) for PendSV_Handler
    startup_stm32f103xe.o(RESET) refers to stm32f1xx_it.o(i.SysTick_Handler) for SysTick_Handler
    startup_stm32f103xe.o(.text) refers to system_stm32f1xx.o(i.SystemInit) for SystemInit
    startup_stm32f103xe.o(.text) refers to entry.o(.ARM.Collect$$$$00000000) for __main
    main.o(i.MX_GPIO_Init) refers to stm32f1xx_hal_gpio.o(i.HAL_GPIO_WritePin) for HAL_GPIO_WritePin
    main.o(i.MX_GPIO_Init) refers to stm32f1xx_hal_gpio.o(i.HAL_GPIO_Init) for HAL_GPIO_Init
    main.o(i.MX_SPI1_Init) refers to stm32f1xx_hal_spi.o(i.HAL_SPI_Init) for HAL_SPI_Init
    main.o(i.MX_SPI1_Init) refers to main.o(.bss) for .bss
    main.o(i.SystemClock_Config) refers to memseta.o(.text) for __aeabi_memclr4
    main.o(i.SystemClock_Config) refers to stm32f1xx_hal_rcc.o(i.HAL_RCC_OscConfig) for HAL_RCC_OscConfig
    main.o(i.SystemClock_Config) refers to stm32f1xx_hal_rcc.o(i.HAL_RCC_ClockConfig) for HAL_RCC_ClockConfig
    main.o(i.delay_ms) refers to stm32f1xx_hal.o(i.HAL_Delay) for HAL_Delay
    main.o(i.gfx_draw_pixel) refers to st7735.o(i.ST7735_DrawPixel) for ST7735_DrawPixel
    main.o(i.init) refers to st7735.o(i.ST7735_Init) for ST7735_Init
    main.o(i.init) refers to stm32f1xx_hal_uart.o(i.HAL_UART_Transmit) for HAL_UART_Transmit
    main.o(i.init) refers to main.o(.bss) for .bss
    main.o(i.main) refers to stm32f1xx_hal.o(i.HAL_Init) for HAL_Init
    main.o(i.main) refers to main.o(i.SystemClock_Config) for SystemClock_Config
    main.o(i.main) refers to main.o(i.MX_GPIO_Init) for MX_GPIO_Init
    main.o(i.main) refers to stm32f1xx_hal_uart.o(i.HAL_UART_Init) for HAL_UART_Init
    main.o(i.main) refers to main.o(i.MX_SPI1_Init) for MX_SPI1_Init
    main.o(i.main) refers to stm32f1xx_hal.o(i.HAL_Delay) for HAL_Delay
    main.o(i.main) refers to main.o(i.init) for init
    main.o(i.main) refers to main.o(.bss) for .bss
    main.o(i.main) refers to main.o(i.gfx_draw_pixel) for gfx_draw_pixel
    main.o(i.main) refers to main.o(.data) for .data
    stm32f1xx_it.o(i.SysTick_Handler) refers to stm32f1xx_hal.o(i.HAL_IncTick) for HAL_IncTick
    stm32f1xx_hal_msp.o(i.HAL_SPI_MspDeInit) refers to stm32f1xx_hal_gpio.o(i.HAL_GPIO_DeInit) for HAL_GPIO_DeInit
    stm32f1xx_hal_msp.o(i.HAL_SPI_MspInit) refers to stm32f1xx_hal_gpio.o(i.HAL_GPIO_Init) for HAL_GPIO_Init
    stm32f1xx_hal_msp.o(i.HAL_UART_MspDeInit) refers to stm32f1xx_hal_gpio.o(i.HAL_GPIO_DeInit) for HAL_GPIO_DeInit
    stm32f1xx_hal_msp.o(i.HAL_UART_MspInit) refers to stm32f1xx_hal_gpio.o(i.HAL_GPIO_Init) for HAL_GPIO_Init
    fonts.o(.data) refers to fonts.o(.constdata) for Font7x10
    fonts.o(.data) refers to fonts.o(.constdata) for Font11x18
    fonts.o(.data) refers to fonts.o(.constdata) for Font16x26
    st7735.o(i.ST7735_DrawImage) refers to st7735.o(i.ST7735_Select) for ST7735_Select
    st7735.o(i.ST7735_DrawImage) refers to st7735.o(i.ST7735_SetAddressWindow) for ST7735_SetAddressWindow
    st7735.o(i.ST7735_DrawImage) refers to st7735.o(i.ST7735_WriteData) for ST7735_WriteData
    st7735.o(i.ST7735_DrawImage) refers to st7735.o(i.ST7735_Unselect) for ST7735_Unselect
    st7735.o(i.ST7735_DrawPixel) refers to st7735.o(i.ST7735_Select) for ST7735_Select
    st7735.o(i.ST7735_DrawPixel) refers to st7735.o(i.ST7735_SetAddressWindow) for ST7735_SetAddressWindow
    st7735.o(i.ST7735_DrawPixel) refers to st7735.o(i.ST7735_WriteData) for ST7735_WriteData
    st7735.o(i.ST7735_DrawPixel) refers to st7735.o(i.ST7735_Unselect) for ST7735_Unselect
    st7735.o(i.ST7735_ExecuteCommandList) refers to st7735.o(i.ST7735_WriteCommand) for ST7735_WriteCommand
    st7735.o(i.ST7735_ExecuteCommandList) refers to st7735.o(i.ST7735_WriteData) for ST7735_WriteData
    st7735.o(i.ST7735_ExecuteCommandList) refers to stm32f1xx_hal.o(i.HAL_Delay) for HAL_Delay
    st7735.o(i.ST7735_FillRectangle) refers to st7735.o(i.ST7735_Select) for ST7735_Select
[...]
    uicode.o(.constdata__ZTV10c_keyboard) refers to uicode.o(.constdata__ZTI10c_keyboard) for typeinfo for c_keyboard
    uicode.o(.constdata__ZTV10c_keyboard) refers to uicode.o(i._ZNK10c_keyboard15get_msg_entriesEv) for c_keyboard::get_msg_entries() const
    uicode.o(.constdata__ZTV10c_keyboard) refers to uicode.o(i._ZN10c_keyboardD1Ev) for c_keyboard::~c_keyboard()
    uicode.o(.constdata__ZTV10c_keyboard) refers to uicode.o(i._ZN10c_keyboardD0Ev) for c_keyboard::~c_keyboard__deallocating()
    uicode.o(.constdata__ZTV10c_keyboard) refers to uicode.o(i._ZN5c_wnd7connectEPS_tPKcssssP15struct_wnd_tree) for c_wnd::connect(c_wnd*, unsigned short, const char*, short, short, short, short, struct_wnd_tree*)
    uicode.o(.constdata__ZTV10c_keyboard) refers to uicode.o(i._ZN5c_wnd16on_init_childrenEv) for c_wnd::on_init_children()
    uicode.o(.constdata__ZTV10c_keyboard) refers to uicode.o(i._ZN10c_keyboard8on_paintEv) for c_keyboard::on_paint()
    uicode.o(.constdata__ZTV10c_keyboard) refers to uicode.o(i._ZN5c_wnd11show_windowEv) for c_wnd::show_window()
    uicode.o(.constdata__ZTV10c_keyboard) refers to uicode.o(i._ZN5c_wnd8on_touchEii12TOUCH_ACTION) for c_wnd::on_touch(int, int, TOUCH_ACTION)
    uicode.o(.constdata__ZTV10c_keyboard) refers to uicode.o(i._ZN5c_wnd11on_navigateE14NAVIGATION_KEY) for c_wnd::on_navigate(NAVIGATION_KEY)
    uicode.o(.constdata__ZTV10c_keyboard) refers to uicode.o(i._ZN10c_keyboard14pre_create_wndEv) for c_keyboard::pre_create_wnd()
    uicode.o(.constdata__ZTV10c_keyboard) refers to uicode.o(i._ZN5c_wnd8on_focusEv) for c_wnd::on_focus()
    uicode.o(.constdata__ZTV10c_keyboard) refers to uicode.o(i._ZN5c_wnd13on_kill_focusEv) for c_wnd::on_kill_focus()
    uicode.o(.constdata__ZTV10c_keyboard) refers to uicode.o(i._ZN10c_keyboard7connectEP5c_wndt14KEYBOARD_STYLE) for c_keyboard::connect(c_wnd*, unsigned short, KEYBOARD_STYLE)
    uicode.o(.constdata__ZTV6c_edit) refers to uicode.o(.constdata__ZTI6c_edit) for typeinfo for c_edit
    uicode.o(.constdata__ZTV6c_edit) refers to uicode.o(i._ZNK6c_edit15get_msg_entriesEv) for c_edit::get_msg_entries() const
    uicode.o(.constdata__ZTV6c_edit) refers to uicode.o(i._ZN6c_editD1Ev) for c_edit::~c_edit()
    uicode.o(.constdata__ZTV6c_edit) refers to uicode.o(i._ZN6c_editD0Ev) for c_edit::~c_edit__deallocating()
    uicode.o(.constdata__ZTV6c_edit) refers to uicode.o(i._ZN5c_wnd7connectEPS_tPKcssssP15struct_wnd_tree) for c_wnd::connect(c_wnd*, unsigned short, const char*, short, short, short, short, struct_wnd_tree*)
    uicode.o(.constdata__ZTV6c_edit) refers to uicode.o(i._ZN5c_wnd16on_init_childrenEv) for c_wnd::on_init_children()
    uicode.o(.constdata__ZTV6c_edit) refers to uicode.o(i._ZN6c_edit8on_paintEv) for c_edit::on_paint()
    uicode.o(.constdata__ZTV6c_edit) refers to uicode.o(i._ZN5c_wnd11show_windowEv) for c_wnd::show_window()
    uicode.o(.constdata__ZTV6c_edit) refers to uicode.o(i._ZN6c_edit8on_touchEii12TOUCH_ACTION) for c_edit::on_touch(int, int, TOUCH_ACTION)
    uicode.o(.constdata__ZTV6c_edit) refers to uicode.o(i._ZN6c_edit11on_navigateE14NAVIGATION_KEY) for c_edit::on_navigate(NAVIGATION_KEY)
    uicode.o(.constdata__ZTV6c_edit) refers to uicode.o(i._ZN6c_edit14pre_create_wndEv) for c_edit::pre_create_wnd()
    uicode.o(.constdata__ZTV6c_edit) refers to uicode.o(i._ZN6c_edit8on_focusEv) for c_edit::on_focus()
    uicode.o(.constdata__ZTV6c_edit) refers to uicode.o(i._ZN6c_edit13on_kill_focusEv) for c_edit::on_kill_focus()
    uicode.o(.ARM.exidx) refers to uicode.o(i._ZN9c_surface9draw_lineEiiiijj) for i._ZN9c_surface9draw_lineEiiiijj
    uicode.o(i._ZN7Pyramid4drawEiib) refers to dflti.o(.text) for __aeabi_i2d
    uicode.o(i._ZN7Pyramid4drawEiib) refers to dadd.o(.text) for __aeabi_dadd
    uicode.o(i._ZN7Pyramid4drawEiib) refers to dfixi.o(.text) for __aeabi_d2iz
    uicode.o(i._ZN7Pyramid4drawEiib) refers to uicode.o(i._ZN9c_surface9draw_lineEiiiijj) for c_surface::draw_line(int, int, int, int, unsigned, unsigned)
    uicode.o(i._ZN7Pyramid4drawEiib) refers to uicode.o(.data) for .data
    uicode.o(.ARM.exidx) refers to uicode.o(i._ZN7Pyramid4drawEiib) for i._ZN7Pyramid4drawEiib
    uicode.o(i._ZN7Pyramid6rotateEv) refers to uicode.o(i._Z7rotateYdPdS_) for rotateY(double, double*, double*)
    uicode.o(i._ZN7Pyramid6rotateEv) refers to uicode.o(i._Z7rotateXdPdS_) for rotateX(double, double*, double*)
    uicode.o(i._ZN7Pyramid6rotateEv) refers to dadd.o(.text) for __aeabi_dsub
    uicode.o(i._ZN7Pyramid6rotateEv) refers to ddiv.o(.text) for __aeabi_ddiv
    uicode.o(i._ZN7Pyramid6rotateEv) refers to uicode.o(i._Z11projectOnXYPdS_d) for projectOnXY(double*, double*, double)
    uicode.o(i._ZN7Pyramid6rotateEv) refers to uicode.o(.data) for .data
    uicode.o(.ARM.exidx) refers to uicode.o(i._ZN7Pyramid6rotateEv) for i._ZN7Pyramid6rotateEv
    uicode.o(i._ZN4Cube4drawEiib) refers to dflti.o(.text) for __aeabi_i2d
    uicode.o(i._ZN4Cube4drawEiib) refers to dadd.o(.text) for __aeabi_dadd
    uicode.o(i._ZN4Cube4drawEiib) refers to dfixi.o(.text) for __aeabi_d2iz
    uicode.o(i._ZN4Cube4drawEiib) refers to uicode.o(i._ZN9c_surface9draw_lineEiiiijj) for c_surface::draw_line(int, int, int, int, unsigned, unsigned)
    uicode.o(i._ZN4Cube4drawEiib) refers to uicode.o(.data) for .data
    uicode.o(.ARM.exidx) refers to uicode.o(i._ZN4Cube4drawEiib) for i._ZN4Cube4drawEiib
    uicode.o(i._ZN4Cube6rotateEv) refers to uicode.o(i._Z7rotateXdPdS_) for rotateX(double, double*, double*)
    uicode.o(i._ZN4Cube6rotateEv) refers to uicode.o(i._Z7rotateYdPdS_) for rotateY(double, double*, double*)
    uicode.o(i._ZN4Cube6rotateEv) refers to uicode.o(i._Z7rotateZdPdS_) for rotateZ(double, double*, double*)
    uicode.o(i._ZN4Cube6rotateEv) refers to uicode.o(i._Z11projectOnXYPdS_d) for projectOnXY(double*, double*, double)
    uicode.o(i._ZN4Cube6rotateEv) refers to dadd.o(.text) for __aeabi_dadd
    uicode.o(i._ZN4Cube6rotateEv) refers to uicode.o(.data) for .data
    uicode.o(.ARM.exidx) refers to uicode.o(i._ZN4Cube6rotateEv) for i._ZN4Cube6rotateEv
    uicode.o(.ARM.exidx) refers to uicode.o(i._ZN9c_displayC1EPviiP9c_surface) for i._ZN9c_displayC1EPviiP9c_surface
    uicode.o(i._ZN9c_surface11set_surfaceE13Z_ORDER_LEVEL6c_rect) refers to calloc.o(.text) for calloc
    uicode.o(i._ZN9c_surface11set_surfaceE13Z_ORDER_LEVEL6c_rect) refers to uicode.o(i._Z7_assertPKci) for _assert(const char*, int)
    uicode.o(i._ZN9c_surface11set_surfaceE13Z_ORDER_LEVEL6c_rect) refers to uicode.o(.constdata__ZZN9c_surface11set_surfaceE13Z_ORDER_LEVEL6c_rectEs) for c_surface::set_surface(Z_ORDER_LEVEL, c_rect)::string
    uicode.o(.ARM.exidx) refers to uicode.o(i._ZN9c_surface11set_surfaceE13Z_ORDER_LEVEL6c_rect) for i._ZN9c_surface11set_surfaceE13Z_ORDER_LEVEL6c_rect
    uicode.o(i._ZN9c_surfaceC1Ejjj13Z_ORDER_LEVEL6c_rect) refers to aeabi_vec_ctor_nocookie_nodtor.o(i.__aeabi_vec_ctor_nocookie_nodtor) for __aeabi_vec_ctor_nocookie_nodtor
    uicode.o(i._ZN9c_surfaceC1Ejjj13Z_ORDER_LEVEL6c_rect) refers to uicode.o(i._ZN6c_rectC1Ev) for c_rect::c_rect()
    uicode.o(i._ZN9c_surfaceC1Ejjj13Z_ORDER_LEVEL6c_rect) refers to uicode.o(i._ZN6c_rect8set_rectEiiii) for c_rect::set_rect(int, int, int, int)
    uicode.o(i._ZN9c_surfaceC1Ejjj13Z_ORDER_LEVEL6c_rect) refers to uicode.o(i._ZN9c_surface11set_surfaceE13Z_ORDER_LEVEL6c_rect) for c_surface::set_surface(Z_ORDER_LEVEL, c_rect)
    uicode.o(i._ZN9c_surfaceC1Ejjj13Z_ORDER_LEVEL6c_rect) refers to uicode.o(.constdata__ZTV9c_surface) for vtable for c_surface
    uicode.o(i._ZN9c_surfaceC1Ejjj13Z_ORDER_LEVEL6c_rect) refers to uicode.o(i._ZN7c_layerC1Ev) for c_layer::c_layer()
    uicode.o(.ARM.exidx) refers to uicode.o(i._ZN9c_surfaceC1Ejjj13Z_ORDER_LEVEL6c_rect) for i._ZN9c_surfaceC1Ejjj13Z_ORDER_LEVEL6c_rect
    uicode.o(i._ZN9c_surface9draw_rectEiiiijjj) refers to uicode.o(i._ZN9c_surface10draw_hlineEiiijj) for c_surface::draw_hline(int, int, int, unsigned, unsigned)
    uicode.o(i._ZN9c_surface9draw_rectEiiiijjj) refers to uicode.o(i._ZN9c_surface10draw_vlineEiiijj) for c_surface::draw_vline(int, int, int, unsigned, unsigned)
    uicode.o(.ARM.exidx) refers to uicode.o(i._ZN9c_surface9draw_rectEiiiijjj) for i._ZN9c_surface9draw_rectEiiiijjj
    uicode.o(i._ZN9c_surface10show_layerER6c_rectj) refers to uicode.o(i._Z7_assertPKci) for _assert(const char*, int)
    uicode.o(i._ZN9c_surface10show_layerER6c_rectj) refers to uicode.o(.constdata__ZZN9c_surface10show_layerER6c_rectjEs) for c_surface::show_layer(c_rect&, unsigned)::string
    uicode.o(.ARM.exidx) refers to uicode.o(i._ZN9c_surface10show_layerER6c_rectj) for i._ZN9c_surface10show_layerER6c_rectj
    uicode.o(.ARM.exidx) refers to uicode.o(i._ZN6c_word11get_latticeEPK16struct_font_infoj) for i._ZN6c_word11get_latticeEPK16struct_font_infoj
    uicode.o(i._ZN6c_word13get_utf8_codeEPKcRj) refers to uicode.o(i._Z7_assertPKci) for _assert(const char*, int)
    uicode.o(i._ZN6c_word13get_utf8_codeEPKcRj) refers to uicode.o(.data__ZZN6c_word13get_utf8_codeEPKcRjE19s_utf8_length_table) for c_word::get_utf8_code(const char*, unsigned&)::s_utf8_length_table
    uicode.o(i._ZN6c_word13get_utf8_codeEPKcRj) refers to uicode.o(.constdata__ZZN6c_word13get_utf8_codeEPKcRjEs) for c_word::get_utf8_code(const char*, unsigned&)::string
    uicode.o(.ARM.exidx) refers to uicode.o(i._ZN6c_word13get_utf8_codeEPKcRj) for i._ZN6c_word13get_utf8_codeEPKcRj
    uicode.o(i._ZN6c_word19draw_string_in_rectEP9c_surfaceiPKc6c_rectPK16struct_font_infojjj) refers to uicode.o(i._ZN6c_word14get_string_posEPKcPK16struct_font_info6c_rectjRiS6_) for c_word::get_string_pos(const char*, const struct_font_info*, c_rect, unsigned, int&, int&)
    uicode.o(i._ZN6c_word19draw_string_in_rectEP9c_surfaceiPKc6c_rectPK16struct_font_infojjj) refers to uicode.o(i._ZN6c_word13get_utf8_codeEPKcRj) for c_word::get_utf8_code(const char*, unsigned&)
    uicode.o(i._ZN6c_word19draw_string_in_rectEP9c_surfaceiPKc6c_rectPK16struct_font_infojjj) refers to uicode.o(i._ZN6c_word16draw_single_charEP9c_surfaceijiiPK16struct_font_infojj) for c_word::draw_single_char(c_surface*, int, unsigned, int, int, const struct_font_info*, unsigned, unsigned)
    uicode.o(.ARM.exidx) refers to uicode.o(i._ZN6c_word19draw_string_in_rectEP9c_surfaceiPKc6c_rectPK16struct_font_infojjj) for i._ZN6c_word19draw_string_in_rectEP9c_surfaceiPKc6c_rectPK16struct_font_infojjj
    uicode.o(i._ZN5c_wndC1Ev) refers to uicode.o(i._ZN6c_rectC1Ev) for c_rect::c_rect()
    uicode.o(i._ZN5c_wndC1Ev) refers to uicode.o(.constdata__ZTV5c_wnd) for vtable for c_wnd
    uicode.o(.ARM.exidx) refers to uicode.o(i._ZN5c_wndC1Ev) for i._ZN5c_wndC1Ev
    uicode.o(i._ZN5c_wnd7connectEPS_tPKcssssP15struct_wnd_tree) refers to uicode.o(i._ZNK5c_wnd14get_last_childEv) for c_wnd::get_last_child() const
    uicode.o(i._ZN5c_wnd7connectEPS_tPKcssssP15struct_wnd_tree) refers to uicode.o(i._Z7_assertPKci) for _assert(const char*, int)
    uicode.o(i._ZN5c_wnd7connectEPS_tPKcssssP15struct_wnd_tree) refers to uicode.o(i._ZN12c_cmd_target12load_cmd_msgEv) for c_cmd_target::load_cmd_msg()
    uicode.o(i._ZN5c_wnd7connectEPS_tPKcssssP15struct_wnd_tree) refers to uicode.o(.constdata__ZZN5c_wnd7connectEPS_tPKcssssP15struct_wnd_treeEs) for c_wnd::connect(c_wnd*, unsigned short, const char*, short, short, short, short, struct_wnd_tree*)::string
    uicode.o(i._ZN5c_wnd7connectEPS_tPKcssssP15struct_wnd_tree) refers to uicode.o(.constdata__ZZN5c_wnd16add_child_2_tailEPS_Es) for c_wnd::add_child_2_tail(c_wnd*)::string
    uicode.o(i._ZN5c_wnd7connectEPS_tPKcssssP15struct_wnd_tree) refers to uicode.o(.constdata__ZZN5c_wnd14load_child_wndEP15struct_wnd_treeEs) for c_wnd::load_child_wnd(struct_wnd_tree*)::string
    uicode.o(.ARM.exidx) refers to uicode.o(i._ZN5c_wnd7connectEPS_tPKcssssP15struct_wnd_tree) for i._ZN5c_wnd7connectEPS_tPKcssssP15struct_wnd_tree
    uicode.o(.ARM.exidx) refers to uicode.o(i._ZN5c_wnd10disconnectEv) for i._ZN5c_wnd10disconnectEv
    uicode.o(.ARM.exidx) refers to uicode.o(i._ZN5c_wnd11show_windowEv) for i._ZN5c_wnd11show_windowEv
    uicode.o(i._ZNK5c_wnd15get_screen_rectER6c_rect) refers to uicode.o(i._ZN6c_rectC1Ev) for c_rect::c_rect()
    uicode.o(i._ZNK5c_wnd15get_screen_rectER6c_rect) refers to uicode.o(i._ZNK5c_wnd12get_wnd_rectER6c_rect) for c_wnd::get_wnd_rect(c_rect&) const
    uicode.o(i._ZNK5c_wnd15get_screen_rectER6c_rect) refers to uicode.o(i._ZN6c_rect8set_rectEiiii) for c_rect::set_rect(int, int, int, int)
    uicode.o(.ARM.exidx) refers to uicode.o(i._ZNK5c_wnd15get_screen_rectER6c_rect) for i._ZNK5c_wnd15get_screen_rectER6c_rect
    uicode.o(i._ZN5c_wnd15set_child_focusEPS_) refers to uicode.o(i._Z7_assertPKci) for _assert(const char*, int)
    uicode.o(i._ZN5c_wnd15set_child_focusEPS_) refers to uicode.o(i._ZNK5c_wnd12is_focus_wndEv) for c_wnd::is_focus_wnd() const
    uicode.o(i._ZN5c_wnd15set_child_focusEPS_) refers to uicode.o(.constdata__ZZN5c_wnd15set_child_focusEPS_Es) for c_wnd::set_child_focus(c_wnd*)::string
    uicode.o(.ARM.exidx) refers to uicode.o(i._ZN5c_wnd15set_child_focusEPS_) for i._ZN5c_wnd15set_child_focusEPS_
    uicode.o(.ARM.exidx) refers to uicode.o(i._ZN5c_wnd13notify_parentEii) for i._ZN5c_wnd13notify_parentEii
    uicode.o(i._ZN5c_wnd8on_touchEii12TOUCH_ACTION) refers to uicode.o(i._ZNK5c_wnd12is_focus_wndEv) for c_wnd::is_focus_wnd() const
    uicode.o(i._ZN5c_wnd8on_touchEii12TOUCH_ACTION) refers to uicode.o(i._ZN6c_rectC1Ev) for c_rect::c_rect()
    uicode.o(i._ZN5c_wnd8on_touchEii12TOUCH_ACTION) refers to uicode.o(i._ZNK5c_wnd12get_wnd_rectER6c_rect) for c_wnd::get_wnd_rect(c_rect&) const
    uicode.o(i._ZN5c_wnd8on_touchEii12TOUCH_ACTION) refers to uicode.o(i._ZNK6c_rect10pt_in_rectEii) for c_rect::pt_in_rect(int, int) const
    uicode.o(.ARM.exidx) refers to uicode.o(i._ZN5c_wnd8on_touchEii12TOUCH_ACTION) for i._ZN5c_wnd8on_touchEii12TOUCH_ACTION
    uicode.o(i._ZN5c_wnd11on_navigateE14NAVIGATION_KEY) refers to uicode.o(i._ZNK5c_wnd12is_focus_wndEv) for c_wnd::is_focus_wnd() const
    uicode.o(i._ZN5c_wnd11on_navigateE14NAVIGATION_KEY) refers to uicode.o(i._ZN5c_wnd15set_child_focusEPS_) for c_wnd::set_child_focus(c_wnd*)
    uicode.o(i._ZN5c_wnd11on_navigateE14NAVIGATION_KEY) refers to uicode.o(i._ZNK5c_wnd14get_last_childEv) for c_wnd::get_last_child() const
    uicode.o(.ARM.exidx) refers to uicode.o(i._ZN5c_wnd11on_navigateE14NAVIGATION_KEY) for i._ZN5c_wnd11on_navigateE14NAVIGATION_KEY
    uicode.o(i._ZN10c_keyboard7connectEP5c_wndt14KEYBOARD_STYLE) refers to uicode.o(i._ZN6c_rectC1Ev) for c_rect::c_rect()
    uicode.o(i._ZN10c_keyboard7connectEP5c_wndt14KEYBOARD_STYLE) refers to uicode.o(i._ZNK5c_wnd12get_wnd_rectER6c_rect) for c_wnd::get_wnd_rect(c_rect&) const
    uicode.o(i._ZN10c_keyboard7connectEP5c_wndt14KEYBOARD_STYLE) refers to uicode.o(i._Z7_assertPKci) for _assert(const char*, int)
    uicode.o(i._ZN10c_keyboard7connectEP5c_wndt14KEYBOARD_STYLE) refers to uicode.o(i._ZN5c_wnd7connectEPS_tPKcssssP15struct_wnd_tree) for c_wnd::connect(c_wnd*, unsigned short, const char*, short, short, short, short, struct_wnd_tree*)
    uicode.o(i._ZN10c_keyboard7connectEP5c_wndt14KEYBOARD_STYLE) refers to uicode.o(.constdata__ZZN10c_keyboard7connectEP5c_wndt14KEYBOARD_STYLEEs) for c_keyboard::connect(c_wnd*, unsigned short, KEYBOARD_STYLE)::string
    uicode.o(i._ZN10c_keyboard7connectEP5c_wndt14KEYBOARD_STYLE) refers to uicode.o(.data) for .data
    uicode.o(.ARM.exidx) refers to uicode.o(i._ZN10c_keyboard7connectEP5c_wndt14KEYBOARD_STYLE) for i._ZN10c_keyboard7connectEP5c_wndt14KEYBOARD_STYLE
    uicode.o(.ARM.exidx) refers to uicode.o(i._ZN10c_keyboardD1Ev) for i._ZN10c_keyboardD1Ev
    uicode.o(.ARM.exidx) refers to uicode.o(i._ZN6c_editD1Ev) for i._ZN6c_editD1Ev
    uicode.o(i._ZN5ShapeC2Ev) refers to uicode.o(.constdata__ZTV5Shape) for vtable for Shape
    uicode.o(.ARM.exidx) refers to uicode.o(i._ZN5ShapeC2Ev) for i._ZN5ShapeC2Ev
    uicode.o(.ARM.exidx) refers to uicode.o(i._ZN6c_rectC1Ev) for i._ZN6c_rectC1Ev
    uicode.o(i._ZN6c_rect8set_rectEiiii) refers to uicode.o(i._Z7_assertPKci) for _assert(const char*, int)
    uicode.o(i._ZN6c_rect8set_rectEiiii) refers to uicode.o(.constdata__ZZN6c_rect8set_rectEiiiiEs) for c_rect::set_rect(int, int, int, int)::string
    uicode.o(.ARM.exidx) refers to uicode.o(i._ZN6c_rect8set_rectEiiii) for i._ZN6c_rect8set_rectEiiii
    uicode.o(i._ZN7c_layerC1Ev) refers to uicode.o(i._ZN6c_rectC1Ev) for c_rect::c_rect()
    uicode.o(.ARM.exidx) refers to uicode.o(i._ZN7c_layerC1Ev) for i._ZN7c_layerC1Ev
    uicode.o(.ARM.exidx) refers to uicode.o(i._ZNK6c_rect10pt_in_rectEii) for i._ZNK6c_rect10pt_in_rectEii
    uicode.o(i._ZN12c_cmd_target12load_cmd_msgEv) refers to uicode.o(i._Z7_assertPKci) for _assert(const char*, int)
    uicode.o(i._ZN12c_cmd_target12load_cmd_msgEv) refers to memcpya.o(.text) for __aeabi_memcpy4
    uicode.o(i._ZN12c_cmd_target12load_cmd_msgEv) refers to uicode.o(.bss) for .bss
    uicode.o(i._ZN12c_cmd_target12load_cmd_msgEv) refers to uicode.o(.data) for .data
    uicode.o(i._ZN12c_cmd_target12load_cmd_msgEv) refers to uicode.o(.constdata__ZZN12c_cmd_target12load_cmd_msgEvEs) for c_cmd_target::load_cmd_msg()::string
    uicode.o(.ARM.exidx) refers to uicode.o(i._ZN12c_cmd_target12load_cmd_msgEv) for i._ZN12c_cmd_target12load_cmd_msgEv
    uicode.o(.ARM.exidx) refers to uicode.o(i._ZN9c_surface10draw_hlineEiiijj) for i._ZN9c_surface10draw_hlineEiiijj
    uicode.o(.ARM.exidx) refers to uicode.o(i._ZN9c_surface10draw_vlineEiiijj) for i._ZN9c_surface10draw_vlineEiiijj
    uicode.o(i._ZN6c_word16draw_single_charEP9c_surfaceijiiPK16struct_font_infojj) refers to uicode.o(i._ZN6c_word11get_latticeEPK16struct_font_infoj) for c_word::get_lattice(const struct_font_info*, unsigned)
    uicode.o(i._ZN6c_word16draw_single_charEP9c_surfaceijiiPK16struct_font_infojj) refers to uicode.o(i._ZN6c_word12draw_latticeEP9c_surfaceiiiiiPKhjj) for c_word::draw_lattice(c_surface*, int, int, int, int, int, const unsigned char*, unsigned, unsigned)
    uicode.o(.ARM.exidx) refers to uicode.o(i._ZN6c_word16draw_single_charEP9c_surfaceijiiPK16struct_font_infojj) for i._ZN6c_word16draw_single_charEP9c_surfaceijiiPK16struct_font_infojj
    uicode.o(i._ZN6c_word14get_string_posEPKcPK16struct_font_info6c_rectjRiS6_) refers to uicode.o(i._ZN6c_word13get_utf8_codeEPKcRj) for c_word::get_utf8_code(const char*, unsigned&)
    uicode.o(i._ZN6c_word14get_string_posEPKcPK16struct_font_info6c_rectjRiS6_) refers to uicode.o(i._ZN6c_word11get_latticeEPK16struct_font_infoj) for c_word::get_lattice(const struct_font_info*, unsigned)
    uicode.o(i._ZN6c_word14get_string_posEPKcPK16struct_font_info6c_rectjRiS6_) refers to uicode.o(i._Z7_assertPKci) for _assert(const char*, int)
    uicode.o(i._ZN6c_word14get_string_posEPKcPK16struct_font_info6c_rectjRiS6_) refers to uicode.o(.constdata__ZZN6c_word14get_string_posEPKcPK16struct_font_info6c_rectjRiS6_Es) for c_word::get_string_pos(const char*, const struct_font_info*, c_rect, unsigned, int&, int&)::string
    uicode.o(.ARM.exidx) refers to uicode.o(i._ZN6c_word14get_string_posEPKcPK16struct_font_info6c_rectjRiS6_) for i._ZN6c_word14get_string_posEPKcPK16struct_font_info6c_rectjRiS6_
    uicode.o(.ARM.exidx) refers to uicode.o(i._ZNK5c_wnd14get_last_childEv) for i._ZNK5c_wnd14get_last_childEv
    uicode.o(.ARM.exidx) refers to uicode.o(i._ZN5c_wnd16on_init_childrenEv) for i._ZN5c_wnd16on_init_childrenEv
    uicode.o(.ARM.exidx) refers to uicode.o(i._ZNK5c_wnd12is_focus_wndEv) for i._ZNK5c_wnd12is_focus_wndEv
    uicode.o(.ARM.exidx) refers to uicode.o(i._ZNK5c_wnd12get_wnd_rectER6c_rect) for i._ZNK5c_wnd12get_wnd_rectER6c_rect
    uicode.o(.ARM.exidx) refers to uicode.o(i._ZN5c_wnd8on_focusEv) for i._ZN5c_wnd8on_focusEv
    uicode.o(.ARM.exidx) refers to uicode.o(i._ZN5c_wnd13on_kill_focusEv) for i._ZN5c_wnd13on_kill_focusEv
    uicode.o(i._ZN10c_keyboard14pre_create_wndEv) refers to memseta.o(.text) for __aeabi_memclr4
    uicode.o(.ARM.exidx) refers to uicode.o(i._ZN10c_keyboard14pre_create_wndEv) for i._ZN10c_keyboard14pre_create_wndEv
    uicode.o(i._ZN10c_keyboard8on_paintEv) refers to uicode.o(i._ZN6c_rectC1Ev) for c_rect::c_rect()
    uicode.o(i._ZN10c_keyboard8on_paintEv) refers to uicode.o(i._ZNK5c_wnd15get_screen_rectER6c_rect) for c_wnd::get_screen_rect(c_rect&) const
    uicode.o(i._ZN10c_keyboard8on_paintEv) refers to uicode.o(i._ZN9c_surface9fill_rectE6c_rectjj) for c_surface::fill_rect(c_rect, unsigned, unsigned)
    uicode.o(.ARM.exidx) refers to uicode.o(i._ZN10c_keyboard8on_paintEv) for i._ZN10c_keyboard8on_paintEv
    uicode.o(i._ZN10c_keyboard14on_key_clickedEii) refers to memseta.o(.text) for __aeabi_memclr4
    uicode.o(i._ZN10c_keyboard14on_key_clickedEii) refers to uicode.o(i._ZN5c_wnd13notify_parentEii) for c_wnd::notify_parent(int, int)
    uicode.o(i._ZN10c_keyboard14on_key_clickedEii) refers to uicode.o(i._Z7_assertPKci) for _assert(const char*, int)
    uicode.o(i._ZN10c_keyboard14on_key_clickedEii) refers to uicode.o(.constdata__ZZN10c_keyboard15on_char_clickedEiiEs) for c_keyboard::on_char_clicked(int, int)::string
    uicode.o(.ARM.exidx) refers to uicode.o(i._ZN10c_keyboard14on_key_clickedEii) for i._ZN10c_keyboard14on_key_clickedEii
    uicode.o(i._ZN10c_keyboardD0Ev) refers to delete.o(i._ZdlPv) for operator delete (void*)
    uicode.o(.ARM.exidx) refers to uicode.o(i._ZN10c_keyboardD0Ev) for i._ZN10c_keyboardD0Ev
    uicode.o(i._ZN17c_keyboard_buttonC1Ev) refers to uicode.o(i._ZN5c_wndC1Ev) for c_wnd::c_wnd()
    uicode.o(i._ZN17c_keyboard_buttonC1Ev) refers to uicode.o(.constdata__ZTV17c_keyboard_button) for vtable for c_keyboard_button
    uicode.o(.ARM.exidx) refers to uicode.o(i._ZN17c_keyboard_buttonC1Ev) for i._ZN17c_keyboard_buttonC1Ev
    uicode.o(.ARM.exidx) refers to uicode.o(i._ZN17c_keyboard_buttonD1Ev) for i._ZN17c_keyboard_buttonD1Ev
    uicode.o(i._ZN6c_edit14pre_create_wndEv) refers to uicode.o(i._ZN7c_theme8get_fontE9FONT_TYPE) for c_theme::get_font(FONT_TYPE)
    uicode.o(i._ZN6c_edit14pre_create_wndEv) refers to uicode.o(i._ZN7c_theme9get_colorE10COLOR_TYPE) for c_theme::get_color(COLOR_TYPE)
    uicode.o(i._ZN6c_edit14pre_create_wndEv) refers to memseta.o(.text) for __aeabi_memclr
    uicode.o(i._ZN6c_edit14pre_create_wndEv) refers to strlen.o(.text) for strlen
    uicode.o(i._ZN6c_edit14pre_create_wndEv) refers to strcpy.o(.text) for strcpy
    uicode.o(.ARM.exidx) refers to uicode.o(i._ZN6c_edit14pre_create_wndEv) for i._ZN6c_edit14pre_create_wndEv
    uicode.o(i._ZN6c_edit8on_paintEv) refers to uicode.o(i._ZN6c_rectC1Ev) for c_rect::c_rect()
    uicode.o(i._ZN6c_edit8on_paintEv) refers to uicode.o(i._ZNK5c_wnd15get_screen_rectER6c_rect) for c_wnd::get_screen_rect(c_rect&) const
    uicode.o(i._ZN6c_edit8on_paintEv) refers to uicode.o(i._Z7_assertPKci) for _assert(const char*, int)
    uicode.o(i._ZN6c_edit8on_paintEv) refers to uicode.o(i._ZN5c_wnd10disconnectEv) for c_wnd::disconnect()
    uicode.o(i._ZN6c_edit8on_paintEv) refers to uicode.o(i._ZN9c_surface10show_layerER6c_rectj) for c_surface::show_layer(c_rect&, unsigned)
    uicode.o(i._ZN6c_edit8on_paintEv) refers to uicode.o(i._ZN7c_theme9get_colorE10COLOR_TYPE) for c_theme::get_color(COLOR_TYPE)
    uicode.o(i._ZN6c_edit8on_paintEv) refers to uicode.o(i._ZN9c_surface9fill_rectE6c_rectjj) for c_surface::fill_rect(c_rect, unsigned, unsigned)
    uicode.o(i._ZN6c_edit8on_paintEv) refers to uicode.o(i._ZN6c_word19draw_string_in_rectEP9c_surfaceiPKc6c_rectPK16struct_font_infojjj) for c_word::draw_string_in_rect(c_surface*, int, const char*, c_rect, const struct_font_info*, unsigned, unsigned, unsigned)
    uicode.o(i._ZN6c_edit8on_paintEv) refers to uicode.o(i._ZN10c_keyboard7connectEP5c_wndt14KEYBOARD_STYLE) for c_keyboard::connect(c_wnd*, unsigned short, KEYBOARD_STYLE)
    uicode.o(i._ZN6c_edit8on_paintEv) refers to uicode.o(i._ZN5c_wnd11show_windowEv) for c_wnd::show_window()
    uicode.o(i._ZN6c_edit8on_paintEv) refers to uicode.o(i._ZN9c_surface9draw_rectEiiiijjj) for c_surface::draw_rect(int, int, int, int, unsigned, unsigned, unsigned)
    uicode.o(i._ZN6c_edit8on_paintEv) refers to strlen.o(.text) for strlen
    uicode.o(i._ZN6c_edit8on_paintEv) refers to uicode.o(.bss) for .bss
    uicode.o(i._ZN6c_edit8on_paintEv) refers to uicode.o(.constdata__ZZN6c_edit8on_paintEvEs) for c_edit::on_paint()::string
    uicode.o(.ARM.exidx) refers to uicode.o(i._ZN6c_edit8on_paintEv) for i._ZN6c_edit8on_paintEv
    uicode.o(.ARM.exidx) refers to uicode.o(i._ZN6c_edit8on_focusEv) for i._ZN6c_edit8on_focusEv
    uicode.o(.ARM.exidx) refers to uicode.o(i._ZN6c_edit13on_kill_focusEv) for i._ZN6c_edit13on_kill_focusEv
    uicode.o(i._ZN6c_edit11on_navigateE14NAVIGATION_KEY) refers to uicode.o(i._ZN5c_wnd11on_navigateE14NAVIGATION_KEY) for c_wnd::on_navigate(NAVIGATION_KEY)
    uicode.o(i._ZN6c_edit11on_navigateE14NAVIGATION_KEY) refers to uicode.o(.bss) for .bss
    uicode.o(.ARM.exidx) refers to uicode.o(i._ZN6c_edit11on_navigateE14NAVIGATION_KEY) for i._ZN6c_edit11on_navigateE14NAVIGATION_KEY
    uicode.o(i._ZN6c_edit8on_touchEii12TOUCH_ACTION) refers to uicode.o(i._ZNK6c_rect10pt_in_rectEii) for c_rect::pt_in_rect(int, int) const
    uicode.o(i._ZN6c_edit8on_touchEii12TOUCH_ACTION) refers to uicode.o(i._ZN6c_edit13on_touch_downEii) for c_edit::on_touch_down(int, int)
    uicode.o(i._ZN6c_edit8on_touchEii12TOUCH_ACTION) refers to uicode.o(i._ZN5c_wnd8on_touchEii12TOUCH_ACTION) for c_wnd::on_touch(int, int, TOUCH_ACTION)
    uicode.o(.ARM.exidx) refers to uicode.o(i._ZN6c_edit8on_touchEii12TOUCH_ACTION) for i._ZN6c_edit8on_touchEii12TOUCH_ACTION
    uicode.o(i._ZN6c_edit18on_key_board_clickEii) refers to uicode.o(i._Z7_assertPKci) for _assert(const char*, int)
    uicode.o(i._ZN6c_edit18on_key_board_clickEii) refers to strcpy.o(.text) for strcpy
    uicode.o(i._ZN6c_edit18on_key_board_clickEii) refers to strlen.o(.text) for strlen
    uicode.o(i._ZN6c_edit18on_key_board_clickEii) refers to memcpya.o(.text) for __aeabi_memcpy
    uicode.o(i._ZN6c_edit18on_key_board_clickEii) refers to memseta.o(.text) for __aeabi_memclr
    uicode.o(i._ZN6c_edit18on_key_board_clickEii) refers to uicode.o(.constdata__ZZN6c_edit18on_key_board_clickEiiEs) for c_edit::on_key_board_click(int, int)::string
    uicode.o(i._ZN6c_edit18on_key_board_clickEii) refers to uicode.o(.bss) for .bss
    uicode.o(.ARM.exidx) refers to uicode.o(i._ZN6c_edit18on_key_board_clickEii) for i._ZN6c_edit18on_key_board_clickEii
    uicode.o(i._ZN6c_editD0Ev) refers to delete.o(i._ZdlPv) for operator delete (void*)
    uicode.o(.ARM.exidx) refers to uicode.o(i._ZN6c_editD0Ev) for i._ZN6c_editD0Ev
    uicode.o(i._ZN7c_theme8get_fontE9FONT_TYPE) refers to uicode.o(i._Z7_assertPKci) for _assert(const char*, int)
    uicode.o(i._ZN7c_theme8get_fontE9FONT_TYPE) refers to uicode.o(.constdata__ZZN7c_theme8get_fontE9FONT_TYPEEs) for c_theme::get_font(FONT_TYPE)::string
    uicode.o(i._ZN7c_theme8get_fontE9FONT_TYPE) refers to uicode.o(.bss) for .bss
    uicode.o(.ARM.exidx) refers to uicode.o(i._ZN7c_theme8get_fontE9FONT_TYPE) for i._ZN7c_theme8get_fontE9FONT_TYPE
    uicode.o(i._ZN7c_theme9get_colorE10COLOR_TYPE) refers to uicode.o(i._Z7_assertPKci) for _assert(const char*, int)
    uicode.o(i._ZN7c_theme9get_colorE10COLOR_TYPE) refers to uicode.o(.constdata__ZZN7c_theme9get_colorE10COLOR_TYPEEs) for c_theme::get_color(COLOR_TYPE)::string
    uicode.o(i._ZN7c_theme9get_colorE10COLOR_TYPE) refers to uicode.o(.bss) for .bss
    uicode.o(.ARM.exidx) refers to uicode.o(i._ZN7c_theme9get_colorE10COLOR_TYPE) for i._ZN7c_theme9get_colorE10COLOR_TYPE
    uicode.o(.ARM.exidx) refers to uicode.o(i._ZN9c_surface9fill_rectE6c_rectjj) for i._ZN9c_surface9fill_rectE6c_rectjj
    uicode.o(i._ZN6c_word12draw_latticeEP9c_surfaceiiiiiPKhjj) refers to uicode.o(i._Z7_assertPKci) for _assert(const char*, int)
    uicode.o(i._ZN6c_word12draw_latticeEP9c_surfaceiiiiiPKhjj) refers to uicode.o(.constdata__ZZN6c_word12draw_latticeEP9c_surfaceiiiiiPKhjjEs) for c_word::draw_lattice(c_surface*, int, int, int, int, int, const unsigned char*, unsigned, unsigned)::string
    uicode.o(.ARM.exidx) refers to uicode.o(i._ZN6c_word12draw_latticeEP9c_surfaceiiiiiPKhjj) for i._ZN6c_word12draw_latticeEP9c_surfaceiiiiiPKhjj
    uicode.o(i._ZN6c_edit13on_touch_downEii) refers to uicode.o(i._ZN6c_rectC1Ev) for c_rect::c_rect()
    uicode.o(i._ZN6c_edit13on_touch_downEii) refers to uicode.o(i._ZNK5c_wnd12get_wnd_rectER6c_rect) for c_wnd::get_wnd_rect(c_rect&) const
    uicode.o(i._ZN6c_edit13on_touch_downEii) refers to uicode.o(i._ZNK6c_rect10pt_in_rectEii) for c_rect::pt_in_rect(int, int) const
    uicode.o(i._ZN6c_edit13on_touch_downEii) refers to uicode.o(i._ZN5c_wnd15set_child_focusEPS_) for c_wnd::set_child_focus(c_wnd*)
    uicode.o(i._ZN6c_edit13on_touch_downEii) refers to uicode.o(i._ZN5c_wnd8on_touchEii12TOUCH_ACTION) for c_wnd::on_touch(int, int, TOUCH_ACTION)
    uicode.o(i._ZN6c_edit13on_touch_downEii) refers to uicode.o(.bss) for .bss
    uicode.o(.ARM.exidx) refers to uicode.o(i._ZN6c_edit13on_touch_downEii) for i._ZN6c_edit13on_touch_downEii
    uicode.o(.constdata__ZTI12c_cmd_target) refers to lib_rtti_impl.o(.constdata__ZTVN10__cxxabiv117__class_type_infoE) for vtable for __cxxabiv1::__class_type_info
    uicode.o(.constdata__ZTI12c_cmd_target) refers to uicode.o(.constdata__ZTS12c_cmd_target) for typeinfo name for c_cmd_target
    uicode.o(.constdata__ZTV9c_surface) refers to uicode.o(.constdata__ZTI9c_surface) for typeinfo for c_surface
    uicode.o(.constdata__ZTV9c_surface) refers to uicode.o(i._ZN9c_surface10draw_pixelEiijj) for c_surface::draw_pixel(int, int, unsigned, unsigned)
    uicode.o(.constdata__ZTV9c_surface) refers to uicode.o(i._ZN9c_surface9fill_rectEiiiijj) for c_surface::fill_rect(int, int, int, int, unsigned, unsigned)
    uicode.o(.constdata__ZTV9c_surface) refers to uicode.o(i._ZN9c_surface15fill_rect_on_fbEiiiij) for c_surface::fill_rect_on_fb(int, int, int, int, unsigned)
    uicode.o(.constdata__ZTV9c_surface) refers to uicode.o(i._ZN9c_surface16draw_pixel_on_fbEiij) for c_surface::draw_pixel_on_fb(int, int, unsigned)
    uicode.o(.constdata__ZTV15c_surface_no_fb) refers to uicode.o(.constdata__ZTI15c_surface_no_fb) for typeinfo for c_surface_no_fb
    uicode.o(.constdata__ZTV15c_surface_no_fb) refers to uicode.o(i._ZN9c_surface10draw_pixelEiijj) for c_surface::draw_pixel(int, int, unsigned, unsigned)
    uicode.o(.constdata__ZTV15c_surface_no_fb) refers to uicode.o(i._ZN9c_surface9fill_rectEiiiijj) for c_surface::fill_rect(int, int, int, int, unsigned, unsigned)
    uicode.o(.constdata__ZTV15c_surface_no_fb) refers to uicode.o(i._ZN15c_surface_no_fb15fill_rect_on_fbEiiiij) for c_surface_no_fb::fill_rect_on_fb(int, int, int, int, unsigned)
    uicode.o(.constdata__ZTV15c_surface_no_fb) refers to uicode.o(i._ZN15c_surface_no_fb16draw_pixel_on_fbEiij) for c_surface_no_fb::draw_pixel_on_fb(int, int, unsigned)
    uicode.o(.constdata__ZTV5c_wnd) refers to uicode.o(.constdata__ZTI5c_wnd) for typeinfo for c_wnd
    uicode.o(.constdata__ZTV5c_wnd) refers to uicode.o(i._ZNK12c_cmd_target15get_msg_entriesEv) for c_cmd_target::get_msg_entries() const
    uicode.o(.constdata__ZTV5c_wnd) refers to uicode.o(i._ZN5c_wndD1Ev) for c_wnd::~c_wnd()
    uicode.o(.constdata__ZTV5c_wnd) refers to uicode.o(i._ZN5c_wndD0Ev) for c_wnd::~c_wnd__deallocating()
    uicode.o(.constdata__ZTV5c_wnd) refers to uicode.o(i._ZN5c_wnd7connectEPS_tPKcssssP15struct_wnd_tree) for c_wnd::connect(c_wnd*, unsigned short, const char*, short, short, short, short, struct_wnd_tree*)
    uicode.o(.constdata__ZTV5c_wnd) refers to uicode.o(i._ZN5c_wnd16on_init_childrenEv) for c_wnd::on_init_children()
    uicode.o(.constdata__ZTV5c_wnd) refers to uicode.o(i._ZN5c_wnd8on_paintEv) for c_wnd::on_paint()
    uicode.o(.constdata__ZTV5c_wnd) refers to uicode.o(i._ZN5c_wnd11show_windowEv) for c_wnd::show_window()
    uicode.o(.constdata__ZTV5c_wnd) refers to uicode.o(i._ZN5c_wnd8on_touchEii12TOUCH_ACTION) for c_wnd::on_touch(int, int, TOUCH_ACTION)
    uicode.o(.constdata__ZTV5c_wnd) refers to uicode.o(i._ZN5c_wnd11on_navigateE14NAVIGATION_KEY) for c_wnd::on_navigate(NAVIGATION_KEY)
    uicode.o(.constdata__ZTV5c_wnd) refers to uicode.o(i._ZN5c_wnd14pre_create_wndEv) for c_wnd::pre_create_wnd()
    uicode.o(.constdata__ZTV5c_wnd) refers to uicode.o(i._ZN5c_wnd8on_focusEv) for c_wnd::on_focus()
    uicode.o(.constdata__ZTV5c_wnd) refers to uicode.o(i._ZN5c_wnd13on_kill_focusEv) for c_wnd::on_kill_focus()
    uicode.o(.constdata__ZTV17c_keyboard_button) refers to uicode.o(.constdata__ZTI17c_keyboard_button) for typeinfo for c_keyboard_button
    uicode.o(.constdata__ZTV17c_keyboard_button) refers to uicode.o(i._ZNK12c_cmd_target15get_msg_entriesEv) for c_cmd_target::get_msg_entries() const
    uicode.o(.constdata__ZTV17c_keyboard_button) refers to uicode.o(i._ZN17c_keyboard_buttonD1Ev) for c_keyboard_button::~c_keyboard_button()
    uicode.o(.constdata__ZTV17c_keyboard_button) refers to uicode.o(i._ZN17c_keyboard_buttonD0Ev) for c_keyboard_button::~c_keyboard_button__deallocating()
    uicode.o(.constdata__ZTV17c_keyboard_button) refers to uicode.o(i._ZN5c_wnd7connectEPS_tPKcssssP15struct_wnd_tree) for c_wnd::connect(c_wnd*, unsigned short, const char*, short, short, short, short, struct_wnd_tree*)
    uicode.o(.constdata__ZTV17c_keyboard_button) refers to uicode.o(i._ZN5c_wnd16on_init_childrenEv) for c_wnd::on_init_children()
    uicode.o(.constdata__ZTV17c_keyboard_button) refers to uicode.o(i._ZN17c_keyboard_button8on_paintEv) for c_keyboard_button::on_paint()
    uicode.o(.constdata__ZTV17c_keyboard_button) refers to uicode.o(i._ZN5c_wnd11show_windowEv) for c_wnd::show_window()
    uicode.o(.constdata__ZTV17c_keyboard_button) refers to uicode.o(i._ZN8c_button8on_touchEii12TOUCH_ACTION) for c_button::on_touch(int, int, TOUCH_ACTION)
    uicode.o(.constdata__ZTV17c_keyboard_button) refers to uicode.o(i._ZN8c_button11on_navigateE14NAVIGATION_KEY) for c_button::on_navigate(NAVIGATION_KEY)
    uicode.o(.constdata__ZTV17c_keyboard_button) refers to uicode.o(i._ZN8c_button14pre_create_wndEv) for c_button::pre_create_wnd()
    uicode.o(.constdata__ZTV17c_keyboard_button) refers to uicode.o(i._ZN8c_button8on_focusEv) for c_button::on_focus()
    uicode.o(.constdata__ZTV17c_keyboard_button) refers to uicode.o(i._ZN8c_button13on_kill_focusEv) for c_button::on_kill_focus()
    uicode.o(.constdata__ZTI6c_edit) refers to lib_rtti_impl.o(.constdata__ZTVN10__cxxabiv120__si_class_type_infoE) for vtable for __cxxabiv1::__si_class_type_info
    uicode.o(.constdata__ZTI6c_edit) refers to uicode.o(.constdata__ZTS6c_edit) for typeinfo name for c_edit
    uicode.o(.constdata__ZTI6c_edit) refers to uicode.o(.constdata__ZTI5c_wnd) for typeinfo for c_wnd
    uicode.o(.constdata__ZTV5Shape) refers to uicode.o(.constdata__ZTI5Shape) for typeinfo for Shape
    uicode.o(.constdata__ZTV5Shape) refers to pure_virt.o(i.__cxa_pure_virtual) for __cxa_pure_virtual
    uicode.o(.constdata__ZTV4Cube) refers to uicode.o(.constdata__ZTI4Cube) for typeinfo for Cube
    uicode.o(.constdata__ZTV4Cube) refers to uicode.o(i._ZN4Cube4drawEiib) for Cube::draw(int, int, bool)
    uicode.o(.constdata__ZTV4Cube) refers to uicode.o(i._ZN4Cube6rotateEv) for Cube::rotate()
    uicode.o(.constdata__ZTV7Pyramid) refers to uicode.o(.constdata__ZTI7Pyramid) for typeinfo for Pyramid
    uicode.o(.constdata__ZTV7Pyramid) refers to uicode.o(i._ZN7Pyramid4drawEiib) for Pyramid::draw(int, int, bool)
    uicode.o(.constdata__ZTV7Pyramid) refers to uicode.o(i._ZN7Pyramid6rotateEv) for Pyramid::rotate()
    uicode.o(.constdata__ZTI10c_keyboard) refers to lib_rtti_impl.o(.constdata__ZTVN10__cxxabiv120__si_class_type_infoE) for vtable for __cxxabiv1::__si_class_type_info
    uicode.o(.constdata__ZTI10c_keyboard) refers to uicode.o(.constdata__ZTS10c_keyboard) for typeinfo name for c_keyboard
    uicode.o(.constdata__ZTI10c_keyboard) refers to uicode.o(.constdata__ZTI5c_wnd) for typeinfo for c_wnd
    uicode.o(.constdata__ZTI9c_surface) refers to lib_rtti_impl.o(.constdata__ZTVN10__cxxabiv117__class_type_infoE) for vtable for __cxxabiv1::__class_type_info
    uicode.o(.constdata__ZTI9c_surface) refers to uicode.o(.constdata__ZTS9c_surface) for typeinfo name for c_surface
    uicode.o(.constdata__ZTI5c_wnd) refers to lib_rtti_impl.o(.constdata__ZTVN10__cxxabiv120__si_class_type_infoE) for vtable for __cxxabiv1::__si_class_type_info
    uicode.o(.constdata__ZTI5c_wnd) refers to uicode.o(.constdata__ZTS5c_wnd) for typeinfo name for c_wnd
    uicode.o(.constdata__ZTI5c_wnd) refers to uicode.o(.constdata__ZTI12c_cmd_target) for typeinfo for c_cmd_target
    uicode.o(.constdata__ZTI15c_surface_no_fb) refers to lib_rtti_impl.o(.constdata__ZTVN10__cxxabiv120__si_class_type_infoE) for vtable for __cxxabiv1::__si_class_type_info
    uicode.o(.constdata__ZTI15c_surface_no_fb) refers to uicode.o(.constdata__ZTS15c_surface_no_fb) for typeinfo name for c_surface_no_fb
    uicode.o(.constdata__ZTI15c_surface_no_fb) refers to uicode.o(.constdata__ZTI9c_surface) for typeinfo for c_surface
    uicode.o(.constdata__ZTI17c_keyboard_button) refers to lib_rtti_impl.o(.constdata__ZTVN10__cxxabiv120__si_class_type_infoE) for vtable for __cxxabiv1::__si_class_type_info
    uicode.o(.constdata__ZTI17c_keyboard_button) refers to uicode.o(.constdata__ZTS17c_keyboard_button) for typeinfo name for c_keyboard_button
    uicode.o(.constdata__ZTI17c_keyboard_button) refers to uicode.o(.constdata__ZTI8c_button) for typeinfo for c_button
    uicode.o(.constdata__ZTI5Shape) refers to lib_rtti_impl.o(.constdata__ZTVN10__cxxabiv117__class_type_infoE) for vtable for __cxxabiv1::__class_type_info
    uicode.o(.constdata__ZTI5Shape) refers to uicode.o(.constdata__ZTS5Shape) for typeinfo name for Shape
    uicode.o(.constdata__ZTI4Cube) refers to lib_rtti_impl.o(.constdata__ZTVN10__cxxabiv120__si_class_type_infoE) for vtable for __cxxabiv1::__si_class_type_info
    uicode.o(.constdata__ZTI4Cube) refers to uicode.o(.constdata__ZTS4Cube) for typeinfo name for Cube
    uicode.o(.constdata__ZTI4Cube) refers to uicode.o(.constdata__ZTI5Shape) for typeinfo for Shape
    uicode.o(.constdata__ZTI7Pyramid) refers to lib_rtti_impl.o(.constdata__ZTVN10__cxxabiv120__si_class_type_infoE) for vtable for __cxxabiv1::__si_class_type_info
    uicode.o(.constdata__ZTI7Pyramid) refers to uicode.o(.constdata__ZTS7Pyramid) for typeinfo name for Pyramid
    uicode.o(.constdata__ZTI7Pyramid) refers to uicode.o(.constdata__ZTI5Shape) for typeinfo for Shape
    uicode.o(.constdata__ZTI8c_button) refers to lib_rtti_impl.o(.constdata__ZTVN10__cxxabiv120__si_class_type_infoE) for vtable for __cxxabiv1::__si_class_type_info
    uicode.o(.constdata__ZTI8c_button) refers to uicode.o(.constdata__ZTS8c_button) for typeinfo name for c_button
    uicode.o(.constdata__ZTI8c_button) refers to uicode.o(.constdata__ZTI5c_wnd) for typeinfo for c_wnd
    uicode.o(i._ZN9c_surface10draw_pixelEiijj) refers to uicode.o(i._Z7_assertPKci) for _assert(const char*, int)
    uicode.o(i._ZN9c_surface10draw_pixelEiijj) refers to uicode.o(i._ZNK6c_rect10pt_in_rectEii) for c_rect::pt_in_rect(int, int) const
    uicode.o(i._ZN9c_surface10draw_pixelEiijj) refers to uicode.o(.constdata__ZZN9c_surface10draw_pixelEiijjEs) for c_surface::draw_pixel(int, int, unsigned, unsigned)::string
    uicode.o(.ARM.exidx) refers to uicode.o(i._ZN9c_surface10draw_pixelEiijj) for i._ZN9c_surface10draw_pixelEiijj
    uicode.o(i._ZN9c_surface9fill_rectEiiiijj) refers to uicode.o(i._ZNK6c_rect10pt_in_rectEii) for c_rect::pt_in_rect(int, int) const
    uicode.o(i._ZN9c_surface9fill_rectEiiiijj) refers to uicode.o(i._ZN9c_surface10draw_hlineEiiijj) for c_surface::draw_hline(int, int, int, unsigned, unsigned)
    uicode.o(.ARM.exidx) refers to uicode.o(i._ZN9c_surface9fill_rectEiiiijj) for i._ZN9c_surface9fill_rectEiiiijj
    uicode.o(.ARM.exidx) refers to uicode.o(i._ZN9c_surface15fill_rect_on_fbEiiiij) for i._ZN9c_surface15fill_rect_on_fbEiiiij
    uicode.o(.ARM.exidx) refers to uicode.o(i._ZN9c_surface16draw_pixel_on_fbEiij) for i._ZN9c_surface16draw_pixel_on_fbEiij
    uicode.o(.ARM.exidx) refers to uicode.o(i._ZN15c_surface_no_fb15fill_rect_on_fbEiiiij) for i._ZN15c_surface_no_fb15fill_rect_on_fbEiiiij
    uicode.o(.ARM.exidx) refers to uicode.o(i._ZN15c_surface_no_fb16draw_pixel_on_fbEiij) for i._ZN15c_surface_no_fb16draw_pixel_on_fbEiij
    uicode.o(.ARM.exidx) refers to uicode.o(i._ZN5c_wndD1Ev) for i._ZN5c_wndD1Ev
    uicode.o(i._ZN5c_wndD0Ev) refers to delete.o(i._ZdlPv) for operator delete (void*)
    uicode.o(.ARM.exidx) refers to uicode.o(i._ZN5c_wndD0Ev) for i._ZN5c_wndD0Ev
    uicode.o(.ARM.exidx) refers to uicode.o(i._ZN5c_wnd8on_paintEv) for i._ZN5c_wnd8on_paintEv
    uicode.o(.ARM.exidx) refers to uicode.o(i._ZN5c_wnd14pre_create_wndEv) for i._ZN5c_wnd14pre_create_wndEv
    uicode.o(.ARM.exidx) refers to uicode.o(i._ZN8c_button8on_focusEv) for i._ZN8c_button8on_focusEv
    uicode.o(.ARM.exidx) refers to uicode.o(i._ZN8c_button13on_kill_focusEv) for i._ZN8c_button13on_kill_focusEv
    uicode.o(i._ZN8c_button14pre_create_wndEv) refers to uicode.o(i._ZN7c_theme8get_fontE9FONT_TYPE) for c_theme::get_font(FONT_TYPE)
    uicode.o(i._ZN8c_button14pre_create_wndEv) refers to uicode.o(i._ZN7c_theme9get_colorE10COLOR_TYPE) for c_theme::get_color(COLOR_TYPE)
    uicode.o(.ARM.exidx) refers to uicode.o(i._ZN8c_button14pre_create_wndEv) for i._ZN8c_button14pre_create_wndEv
    uicode.o(i._ZN8c_button8on_touchEii12TOUCH_ACTION) refers to uicode.o(i._ZN5c_wnd13notify_parentEii) for c_wnd::notify_parent(int, int)
    uicode.o(i._ZN8c_button8on_touchEii12TOUCH_ACTION) refers to uicode.o(i._ZN5c_wnd15set_child_focusEPS_) for c_wnd::set_child_focus(c_wnd*)
    uicode.o(.ARM.exidx) refers to uicode.o(i._ZN8c_button8on_touchEii12TOUCH_ACTION) for i._ZN8c_button8on_touchEii12TOUCH_ACTION
    uicode.o(i._ZN8c_button11on_navigateE14NAVIGATION_KEY) refers to uicode.o(i._ZN5c_wnd11on_navigateE14NAVIGATION_KEY) for c_wnd::on_navigate(NAVIGATION_KEY)
    uicode.o(.ARM.exidx) refers to uicode.o(i._ZN8c_button11on_navigateE14NAVIGATION_KEY) for i._ZN8c_button11on_navigateE14NAVIGATION_KEY
    uicode.o(i._ZN17c_keyboard_button8on_paintEv) refers to uicode.o(i._ZN6c_rectC1Ev) for c_rect::c_rect()
    uicode.o(i._ZN17c_keyboard_button8on_paintEv) refers to uicode.o(i._ZNK5c_wnd15get_screen_rectER6c_rect) for c_wnd::get_screen_rect(c_rect&) const
    uicode.o(i._ZN17c_keyboard_button8on_paintEv) refers to uicode.o(i._Z7_assertPKci) for _assert(const char*, int)
    uicode.o(i._ZN17c_keyboard_button8on_paintEv) refers to uicode.o(i._ZN7c_theme9get_colorE10COLOR_TYPE) for c_theme::get_color(COLOR_TYPE)
    uicode.o(i._ZN17c_keyboard_button8on_paintEv) refers to uicode.o(i._ZN9c_surface9fill_rectE6c_rectjj) for c_surface::fill_rect(c_rect, unsigned, unsigned)
    uicode.o(i._ZN17c_keyboard_button8on_paintEv) refers to uicode.o(i._ZN9c_surface9draw_rectE6c_rectjjj) for c_surface::draw_rect(c_rect, unsigned, unsigned, unsigned)
    uicode.o(i._ZN17c_keyboard_button8on_paintEv) refers to uicode.o(i._ZN6c_word19draw_string_in_rectEP9c_surfaceiPKc6c_rectPK16struct_font_infojjj) for c_word::draw_string_in_rect(c_surface*, int, const char*, c_rect, const struct_font_info*, unsigned, unsigned, unsigned)
    uicode.o(i._ZN17c_keyboard_button8on_paintEv) refers to uicode.o(.constdata__ZZN17c_keyboard_button8on_paintEvEs) for c_keyboard_button::on_paint()::string
    uicode.o(i._ZN17c_keyboard_button8on_paintEv) refers to uicode.o(.constdata__ZZN17c_keyboard_button8on_paintEvEs_0) for c_keyboard_button::on_paint()::string (instance 2)
    uicode.o(i._ZN17c_keyboard_button8on_paintEv) refers to uicode.o(.constdata__ZZN17c_keyboard_button8on_paintEvEs_1) for c_keyboard_button::on_paint()::string (instance 3)
    uicode.o(i._ZN17c_keyboard_button8on_paintEv) refers to uicode.o(.constdata__ZZN17c_keyboard_button8on_paintEvEs_2) for c_keyboard_button::on_paint()::string (instance 4)
    uicode.o(i._ZN17c_keyboard_button8on_paintEv) refers to uicode.o(.constdata__ZZN17c_keyboard_button8on_paintEvEs_3) for c_keyboard_button::on_paint()::string (instance 5)
    uicode.o(i._ZN17c_keyboard_button8on_paintEv) refers to uicode.o(.constdata__ZZN17c_keyboard_button8on_paintEvEs_4) for c_keyboard_button::on_paint()::string (instance 6)
    uicode.o(i._ZN17c_keyboard_button8on_paintEv) refers to uicode.o(.constdata__ZZN17c_keyboard_button8on_paintEvEs_5) for c_keyboard_button::on_paint()::string (instance 7)
    uicode.o(i._ZN17c_keyboard_button8on_paintEv) refers to uicode.o(.constdata__ZZN17c_keyboard_button8on_paintEvEs_6) for c_keyboard_button::on_paint()::string (instance 8)
    uicode.o(.ARM.exidx) refers to uicode.o(i._ZN17c_keyboard_button8on_paintEv) for i._ZN17c_keyboard_button8on_paintEv
    uicode.o(i._ZN17c_keyboard_buttonD0Ev) refers to delete.o(i._ZdlPv) for operator delete (void*)
    uicode.o(.ARM.exidx) refers to uicode.o(i._ZN17c_keyboard_buttonD0Ev) for i._ZN17c_keyboard_buttonD0Ev
    uicode.o(i._ZN9c_surface9draw_rectE6c_rectjjj) refers to uicode.o(i._ZN9c_surface9draw_rectEiiiijjj) for c_surface::draw_rect(int, int, int, int, unsigned, unsigned, unsigned)
    uicode.o(.ARM.exidx) refers to uicode.o(i._ZN9c_surface9draw_rectE6c_rectjjj) for i._ZN9c_surface9draw_rectE6c_rectjjj
    lib_rtti_impl.o(.constdata__ZTVN10__cxxabiv123__fundamental_type_infoE) refers to lib_rtti_impl.o(.constdata__ZTIN10__cxxabiv123__fundamental_type_infoE) for typeinfo for __cxxabiv1::__fundamental_type_info
    lib_rtti_impl.o(.constdata__ZTVN10__cxxabiv123__fundamental_type_infoE) refers to lib_rtti_impl.o(i._ZN10__cxxabiv123__fundamental_type_infoD1Ev) for __cxxabiv1::__fundamental_type_info::~__fundamental_type_info()
    lib_rtti_impl.o(.constdata__ZTVN10__cxxabiv123__fundamental_type_infoE) refers to lib_rtti_impl.o(i._ZN10__cxxabiv123__fundamental_type_infoD0Ev) for __cxxabiv1::__fundamental_type_info::~__fundamental_type_info__deallocating()
    lib_rtti_impl.o(.constdata__ZTVN10__cxxabiv117__array_type_infoE) refers to lib_rtti_impl.o(.constdata__ZTIN10__cxxabiv117__array_type_infoE) for typeinfo for __cxxabiv1::__array_type_info
    lib_rtti_impl.o(.constdata__ZTVN10__cxxabiv117__array_type_infoE) refers to lib_rtti_impl.o(i._ZN10__cxxabiv117__array_type_infoD1Ev) for __cxxabiv1::__array_type_info::~__array_type_info()
    lib_rtti_impl.o(.constdata__ZTVN10__cxxabiv117__array_type_infoE) refers to lib_rtti_impl.o(i._ZN10__cxxabiv117__array_type_infoD0Ev) for __cxxabiv1::__array_type_info::~__array_type_info__deallocating()
    lib_rtti_impl.o(.constdata__ZTVN10__cxxabiv120__function_type_infoE) refers to lib_rtti_impl.o(.constdata__ZTIN10__cxxabiv120__function_type_infoE) for typeinfo for __cxxabiv1::__function_type_info
    lib_rtti_impl.o(.constdata__ZTVN10__cxxabiv120__function_type_infoE) refers to lib_rtti_impl.o(i._ZN10__cxxabiv120__function_type_infoD1Ev) for __cxxabiv1::__function_type_info::~__function_type_info()
    lib_rtti_impl.o(.constdata__ZTVN10__cxxabiv120__function_type_infoE) refers to lib_rtti_impl.o(i._ZN10__cxxabiv120__function_type_infoD0Ev) for __cxxabiv1::__function_type_info::~__function_type_info__deallocating()
    lib_rtti_impl.o(.constdata__ZTVN10__cxxabiv116__enum_type_infoE) refers to lib_rtti_impl.o(.constdata__ZTIN10__cxxabiv116__enum_type_infoE) for typeinfo for __cxxabiv1::__enum_type_info
    lib_rtti_impl.o(.constdata__ZTVN10__cxxabiv116__enum_type_infoE) refers to lib_rtti_impl.o(i._ZN10__cxxabiv116__enum_type_infoD1Ev) for __cxxabiv1::__enum_type_info::~__enum_type_info()
    lib_rtti_impl.o(.constdata__ZTVN10__cxxabiv116__enum_type_infoE) refers to lib_rtti_impl.o(i._ZN10__cxxabiv116__enum_type_infoD0Ev) for __cxxabiv1::__enum_type_info::~__enum_type_info__deallocating()
    lib_rtti_impl.o(.constdata__ZTVN10__cxxabiv117__class_type_infoE) refers to lib_rtti_impl.o(.constdata__ZTIN10__cxxabiv117__class_type_infoE) for typeinfo for __cxxabiv1::__class_type_info
    lib_rtti_impl.o(.constdata__ZTVN10__cxxabiv117__class_type_infoE) refers to lib_rtti_impl.o(i._ZN10__cxxabiv117__class_type_infoD1Ev) for __cxxabiv1::__class_type_info::~__class_type_info()
    lib_rtti_impl.o(.constdata__ZTVN10__cxxabiv117__class_type_infoE) refers to lib_rtti_impl.o(i._ZN10__cxxabiv117__class_type_infoD0Ev) for __cxxabiv1::__class_type_info::~__class_type_info__deallocating()
    lib_rtti_impl.o(.constdata__ZTVN10__cxxabiv120__si_class_type_infoE) refers to lib_rtti_impl.o(.constdata__ZTIN10__cxxabiv120__si_class_type_infoE) for typeinfo for __cxxabiv1::__si_class_type_info
    lib_rtti_impl.o(.constdata__ZTVN10__cxxabiv120__si_class_type_infoE) refers to lib_rtti_impl.o(i._ZN10__cxxabiv120__si_class_type_infoD1Ev) for __cxxabiv1::__si_class_type_info::~__si_class_type_info()
    lib_rtti_impl.o(.constdata__ZTVN10__cxxabiv120__si_class_type_infoE) refers to lib_rtti_impl.o(i._ZN10__cxxabiv120__si_class_type_infoD0Ev) for __cxxabiv1::__si_class_type_info::~__si_class_type_info__deallocating()
    lib_rtti_impl.o(.constdata__ZTVN10__cxxabiv121__vmi_class_type_infoE) refers to lib_rtti_impl.o(.constdata__ZTIN10__cxxabiv121__vmi_class_type_infoE) for typeinfo for __cxxabiv1::__vmi_class_type_info
    lib_rtti_impl.o(.constdata__ZTVN10__cxxabiv121__vmi_class_type_infoE) refers to lib_rtti_impl.o(i._ZN10__cxxabiv121__vmi_class_type_infoD1Ev) for __cxxabiv1::__vmi_class_type_info::~__vmi_class_type_info()
    lib_rtti_impl.o(.constdata__ZTVN10__cxxabiv121__vmi_class_type_infoE) refers to lib_rtti_impl.o(i._ZN10__cxxabiv121__vmi_class_type_infoD0Ev) for __cxxabiv1::__vmi_class_type_info::~__vmi_class_type_info__deallocating()
    lib_rtti_impl.o(.constdata__ZTVN10__cxxabiv117__pbase_type_infoE) refers to lib_rtti_impl.o(.constdata__ZTIN10__cxxabiv117__pbase_type_infoE) for typeinfo for __cxxabiv1::__pbase_type_info
    lib_rtti_impl.o(.constdata__ZTVN10__cxxabiv117__pbase_type_infoE) refers to lib_rtti_impl.o(i._ZN10__cxxabiv117__pbase_type_infoD1Ev) for __cxxabiv1::__pbase_type_info::~__pbase_type_info()
    lib_rtti_impl.o(.constdata__ZTVN10__cxxabiv117__pbase_type_infoE) refers to lib_rtti_impl.o(i._ZN10__cxxabiv117__pbase_type_infoD0Ev) for __cxxabiv1::__pbase_type_info::~__pbase_type_info__deallocating()
    lib_rtti_impl.o(.constdata__ZTVN10__cxxabiv119__pointer_type_infoE) refers to lib_rtti_impl.o(.constdata__ZTIN10__cxxabiv119__pointer_type_infoE) for typeinfo for __cxxabiv1::__pointer_type_info
    lib_rtti_impl.o(.constdata__ZTVN10__cxxabiv119__pointer_type_infoE) refers to lib_rtti_impl.o(i._ZN10__cxxabiv119__pointer_type_infoD1Ev) for __cxxabiv1::__pointer_type_info::~__pointer_type_info()
    lib_rtti_impl.o(.constdata__ZTVN10__cxxabiv119__pointer_type_infoE) refers to lib_rtti_impl.o(i._ZN10__cxxabiv119__pointer_type_infoD0Ev) for __cxxabiv1::__pointer_type_info::~__pointer_type_info__deallocating()
    lib_rtti_impl.o(.constdata__ZTVN10__cxxabiv129__pointer_to_member_type_infoE) refers to lib_rtti_impl.o(.constdata__ZTIN10__cxxabiv129__pointer_to_member_type_infoE) for typeinfo for __cxxabiv1::__pointer_to_member_type_info
    lib_rtti_impl.o(.constdata__ZTVN10__cxxabiv129__pointer_to_member_type_infoE) refers to lib_rtti_impl.o(i._ZN10__cxxabiv129__pointer_to_member_type_infoD1Ev) for __cxxabiv1::__pointer_to_member_type_info::~__pointer_to_member_type_info()
    lib_rtti_impl.o(.constdata__ZTVN10__cxxabiv129__pointer_to_member_type_infoE) refers to lib_rtti_impl.o(i._ZN10__cxxabiv129__pointer_to_member_type_infoD0Ev) for __cxxabiv1::__pointer_to_member_type_info::~__pointer_to_member_type_info__deallocating()
    lib_rtti_impl.o(.ARM.exidx) refers to lib_rtti_impl.o(i._ZNSt9type_infodlEPv) for i._ZNSt9type_infodlEPv
    lib_rtti_impl.o(.constdata__ZTIN10__cxxabiv123__fundamental_type_infoE) refers to lib_rtti_impl.o(.constdata__ZTVN10__cxxabiv120__si_class_type_infoE) for vtable for __cxxabiv1::__si_class_type_info
    lib_rtti_impl.o(.constdata__ZTIN10__cxxabiv123__fundamental_type_infoE) refers to lib_rtti_impl.o(.constdata__ZTSN10__cxxabiv123__fundamental_type_infoE) for typeinfo name for __cxxabiv1::__fundamental_type_info
    lib_rtti_impl.o(.constdata__ZTIN10__cxxabiv123__fundamental_type_infoE) refers to type_info_dtor.o(.constdata__ZTISt9type_info) for typeinfo for std::type_info
    lib_rtti_impl.o(.constdata__ZTIN10__cxxabiv117__array_type_infoE) refers to lib_rtti_impl.o(.constdata__ZTVN10__cxxabiv120__si_class_type_infoE) for vtable for __cxxabiv1::__si_class_type_info
    lib_rtti_impl.o(.constdata__ZTIN10__cxxabiv117__array_type_infoE) refers to lib_rtti_impl.o(.constdata__ZTSN10__cxxabiv117__array_type_infoE) for typeinfo name for __cxxabiv1::__array_type_info
    lib_rtti_impl.o(.constdata__ZTIN10__cxxabiv117__array_type_infoE) refers to type_info_dtor.o(.constdata__ZTISt9type_info) for typeinfo for std::type_info
    lib_rtti_impl.o(.constdata__ZTIN10__cxxabiv120__function_type_infoE) refers to lib_rtti_impl.o(.constdata__ZTVN10__cxxabiv120__si_class_type_infoE) for vtable for __cxxabiv1::__si_class_type_info
    lib_rtti_impl.o(.constdata__ZTIN10__cxxabiv120__function_type_infoE) refers to lib_rtti_impl.o(.constdata__ZTSN10__cxxabiv120__function_type_infoE) for typeinfo name for __cxxabiv1::__function_type_info
    lib_rtti_impl.o(.constdata__ZTIN10__cxxabiv120__function_type_infoE) refers to type_info_dtor.o(.constdata__ZTISt9type_info) for typeinfo for std::type_info
    lib_rtti_impl.o(.constdata__ZTIN10__cxxabiv116__enum_type_infoE) refers to lib_rtti_impl.o(.constdata__ZTVN10__cxxabiv120__si_class_type_infoE) for vtable for __cxxabiv1::__si_class_type_info
    lib_rtti_impl.o(.constdata__ZTIN10__cxxabiv116__enum_type_infoE) refers to lib_rtti_impl.o(.constdata__ZTSN10__cxxabiv116__enum_type_infoE) for typeinfo name for __cxxabiv1::__enum_type_info
    lib_rtti_impl.o(.constdata__ZTIN10__cxxabiv116__enum_type_infoE) refers to type_info_dtor.o(.constdata__ZTISt9type_info) for typeinfo for std::type_info
    lib_rtti_impl.o(.constdata__ZTIN10__cxxabiv117__class_type_infoE) refers to lib_rtti_impl.o(.constdata__ZTVN10__cxxabiv120__si_class_type_infoE) for vtable for __cxxabiv1::__si_class_type_info
    lib_rtti_impl.o(.constdata__ZTIN10__cxxabiv117__class_type_infoE) refers to lib_rtti_impl.o(.constdata__ZTSN10__cxxabiv117__class_type_infoE) for typeinfo name for __cxxabiv1::__class_type_info
    lib_rtti_impl.o(.constdata__ZTIN10__cxxabiv117__class_type_infoE) refers to type_info_dtor.o(.constdata__ZTISt9type_info) for typeinfo for std::type_info
    lib_rtti_impl.o(.constdata__ZTIN10__cxxabiv120__si_class_type_infoE) refers to lib_rtti_impl.o(.constdata__ZTVN10__cxxabiv120__si_class_type_infoE) for vtable for __cxxabiv1::__si_class_type_info
    lib_rtti_impl.o(.constdata__ZTIN10__cxxabiv120__si_class_type_infoE) refers to lib_rtti_impl.o(.constdata__ZTSN10__cxxabiv120__si_class_type_infoE) for typeinfo name for __cxxabiv1::__si_class_type_info
    lib_rtti_impl.o(.constdata__ZTIN10__cxxabiv120__si_class_type_infoE) refers to lib_rtti_impl.o(.constdata__ZTIN10__cxxabiv117__class_type_infoE) for typeinfo for __cxxabiv1::__class_type_info
    lib_rtti_impl.o(.constdata__ZTIN10__cxxabiv121__vmi_class_type_infoE) refers to lib_rtti_impl.o(.constdata__ZTVN10__cxxabiv120__si_class_type_infoE) for vtable for __cxxabiv1::__si_class_type_info
    lib_rtti_impl.o(.constdata__ZTIN10__cxxabiv121__vmi_class_type_infoE) refers to lib_rtti_impl.o(.constdata__ZTSN10__cxxabiv121__vmi_class_type_infoE) for typeinfo name for __cxxabiv1::__vmi_class_type_info
    lib_rtti_impl.o(.constdata__ZTIN10__cxxabiv121__vmi_class_type_infoE) refers to lib_rtti_impl.o(.constdata__ZTIN10__cxxabiv117__class_type_infoE) for typeinfo for __cxxabiv1::__class_type_info
    lib_rtti_impl.o(.constdata__ZTIN10__cxxabiv117__pbase_type_infoE) refers to lib_rtti_impl.o(.constdata__ZTVN10__cxxabiv120__si_class_type_infoE) for vtable for __cxxabiv1::__si_class_type_info
    lib_rtti_impl.o(.constdata__ZTIN10__cxxabiv117__pbase_type_infoE) refers to lib_rtti_impl.o(.constdata__ZTSN10__cxxabiv117__pbase_type_infoE) for typeinfo name for __cxxabiv1::__pbase_type_info
    lib_rtti_impl.o(.constdata__ZTIN10__cxxabiv117__pbase_type_infoE) refers to type_info_dtor.o(.constdata__ZTISt9type_info) for typeinfo for std::type_info
    lib_rtti_impl.o(.constdata__ZTIN10__cxxabiv119__pointer_type_infoE) refers to lib_rtti_impl.o(.constdata__ZTVN10__cxxabiv120__si_class_type_infoE) for vtable for __cxxabiv1::__si_class_type_info
    lib_rtti_impl.o(.constdata__ZTIN10__cxxabiv119__pointer_type_infoE) refers to lib_rtti_impl.o(.constdata__ZTSN10__cxxabiv119__pointer_type_infoE) for typeinfo name for __cxxabiv1::__pointer_type_info
    lib_rtti_impl.o(.constdata__ZTIN10__cxxabiv119__pointer_type_infoE) refers to lib_rtti_impl.o(.constdata__ZTIN10__cxxabiv117__pbase_type_infoE) for typeinfo for __cxxabiv1::__pbase_type_info
    lib_rtti_impl.o(.constdata__ZTIN10__cxxabiv129__pointer_to_member_type_infoE) refers to lib_rtti_impl.o(.constdata__ZTVN10__cxxabiv120__si_class_type_infoE) for vtable for __cxxabiv1::__si_class_type_info
    lib_rtti_impl.o(.constdata__ZTIN10__cxxabiv129__pointer_to_member_type_infoE) refers to lib_rtti_impl.o(.constdata__ZTSN10__cxxabiv129__pointer_to_member_type_infoE) for typeinfo name for __cxxabiv1::__pointer_to_member_type_info
    lib_rtti_impl.o(.constdata__ZTIN10__cxxabiv129__pointer_to_member_type_infoE) refers to lib_rtti_impl.o(.constdata__ZTIN10__cxxabiv117__pbase_type_infoE) for typeinfo for __cxxabiv1::__pbase_type_info
    lib_rtti_impl.o(i.__ARM_common_noexcept_landing) refers to arm_exceptions_callterm.o(.text) for __cxa_call_terminate
    lib_rtti_impl.o(.ARM.exidx) refers to lib_rtti_impl.o(i.__ARM_common_noexcept_landing) for i.__ARM_common_noexcept_landing
    type_info_dtor.o(.constdata__ZTVSt9type_info) refers to type_info_dtor.o(.constdata__ZTISt9type_info) for typeinfo for std::type_info
    type_info_dtor.o(.constdata__ZTVSt9type_info) refers to type_info_dtor.o(i._ZNSt9type_infoD1Ev) for std::type_info::~type_info()
    type_info_dtor.o(.constdata__ZTVSt9type_info) refers to type_info_dtor.o(i._ZNSt9type_infoD0Ev) for std::type_info::~type_info__deallocating()
    type_info_dtor.o(.constdata__ZTISt9type_info) refers to lib_rtti_impl.o(.constdata__ZTVN10__cxxabiv117__class_type_infoE) for vtable for __cxxabiv1::__class_type_info
    type_info_dtor.o(.constdata__ZTISt9type_info) refers to type_info_dtor.o(.constdata__ZTSSt9type_info) for typeinfo name for std::type_info


==============================================================================

Removing Unused input sections from the image.

    Removing main.o(.rev16_text), (4 bytes).
    Removing main.o(.revsh_text), (4 bytes).
    Removing main.o(.rrx_text), (6 bytes).
    Removing main.o(i.Error_Handler), (2 bytes).
    Removing main.o(i.delay_ms), (6 bytes).
    Removing stm32f1xx_it.o(.rev16_text), (4 bytes).
    Removing stm32f1xx_it.o(.revsh_text), (4 bytes).
    Removing stm32f1xx_it.o(.rrx_text), (6 bytes).
    Removing stm32f1xx_hal_msp.o(.rev16_text), (4 bytes).
    Removing stm32f1xx_hal_msp.o(.revsh_text), (4 bytes).
    Removing stm32f1xx_hal_msp.o(.rrx_text), (6 bytes).
    Removing stm32f1xx_hal_msp.o(i.HAL_SPI_MspDeInit), (40 bytes).
    Removing stm32f1xx_hal_msp.o(i.HAL_UART_MspDeInit), (40 bytes).
    Removing fonts.o(.constdata), (1900 bytes).
    Removing fonts.o(.constdata), (3420 bytes).
    Removing fonts.o(.constdata), (4940 bytes).
    Removing fonts.o(.data), (8 bytes).
    Removing fonts.o(.data), (8 bytes).
    Removing fonts.o(.data), (8 bytes).
    Removing st7735.o(.rev16_text), (4 bytes).
    Removing st7735.o(.revsh_text), (4 bytes).
    Removing st7735.o(.rrx_text), (6 bytes).
    Removing st7735.o(i.ST7735_DrawImage), (88 bytes).
    Removing st7735.o(i.ST7735_FillRectangle), (152 bytes).
    Removing st7735.o(i.ST7735_FillScreen), (18 bytes).
    Removing st7735.o(i.ST7735_InvertColors), (28 bytes).
    Removing st7735.o(i.ST7735_WriteChar), (144 bytes).
    Removing st7735.o(i.ST7735_WriteString), (94 bytes).
    Removing stm32f1xx_hal_gpio_ex.o(.rev16_text), (4 bytes).
    Removing stm32f1xx_hal_gpio_ex.o(.revsh_text), (4 bytes).
    Removing stm32f1xx_hal_gpio_ex.o(.rrx_text), (6 bytes).
    Removing stm32f1xx_hal_gpio_ex.o(i.HAL_GPIOEx_ConfigEventout), (20 bytes).
    Removing stm32f1xx_hal_gpio_ex.o(i.HAL_GPIOEx_DisableEventout), (16 bytes).
    Removing stm32f1xx_hal_gpio_ex.o(i.HAL_GPIOEx_EnableEventout), (16 bytes).
    Removing stm32f1xx_hal_spi.o(.rev16_text), (4 bytes).
    Removing stm32f1xx_hal_spi.o(.revsh_text), (4 bytes).
    Removing stm32f1xx_hal_spi.o(.rrx_text), (6 bytes).
    Removing stm32f1xx_hal_spi.o(i.HAL_SPI_Abort), (288 bytes).
    Removing stm32f1xx_hal_spi.o(i.HAL_SPI_AbortCpltCallback), (2 bytes).
    Removing stm32f1xx_hal_spi.o(i.HAL_SPI_Abort_IT), (288 bytes).
    Removing stm32f1xx_hal_spi.o(i.HAL_SPI_DMAPause), (38 bytes).
    Removing stm32f1xx_hal_spi.o(i.HAL_SPI_DMAResume), (38 bytes).
    Removing stm32f1xx_hal_spi.o(i.HAL_SPI_DMAStop), (66 bytes).
    Removing stm32f1xx_hal_spi.o(i.HAL_SPI_DeInit), (46 bytes).
    Removing stm32f1xx_hal_spi.o(i.HAL_SPI_ErrorCallback), (2 bytes).
    Removing stm32f1xx_hal_spi.o(i.HAL_SPI_GetError), (4 bytes).
    Removing stm32f1xx_hal_spi.o(i.HAL_SPI_GetState), (6 bytes).
    Removing stm32f1xx_hal_spi.o(i.HAL_SPI_IRQHandler), (224 bytes).
    Removing stm32f1xx_hal_spi.o(i.HAL_SPI_MspDeInit), (2 bytes).
    Removing stm32f1xx_hal_spi.o(i.HAL_SPI_MspInit), (2 bytes).
    Removing stm32f1xx_hal_spi.o(i.HAL_SPI_Receive), (336 bytes).
    Removing stm32f1xx_hal_spi.o(i.HAL_SPI_Receive_DMA), (232 bytes).
    Removing stm32f1xx_hal_spi.o(i.HAL_SPI_Receive_IT), (164 bytes).
    Removing stm32f1xx_hal_spi.o(i.HAL_SPI_RxCpltCallback), (2 bytes).
    Removing stm32f1xx_hal_spi.o(i.HAL_SPI_RxHalfCpltCallback), (2 bytes).
    Removing stm32f1xx_hal_spi.o(i.HAL_SPI_TransmitReceive), (482 bytes).
    Removing stm32f1xx_hal_spi.o(i.HAL_SPI_TransmitReceive_DMA), (292 bytes).
    Removing stm32f1xx_hal_spi.o(i.HAL_SPI_TransmitReceive_IT), (164 bytes).
    Removing stm32f1xx_hal_spi.o(i.HAL_SPI_Transmit_DMA), (204 bytes).
    Removing stm32f1xx_hal_spi.o(i.HAL_SPI_Transmit_IT), (140 bytes).
    Removing stm32f1xx_hal_spi.o(i.HAL_SPI_TxCpltCallback), (2 bytes).
    Removing stm32f1xx_hal_spi.o(i.HAL_SPI_TxHalfCpltCallback), (2 bytes).
    Removing stm32f1xx_hal_spi.o(i.HAL_SPI_TxRxCpltCallback), (2 bytes).
    Removing stm32f1xx_hal_spi.o(i.HAL_SPI_TxRxHalfCpltCallback), (2 bytes).
    Removing stm32f1xx_hal_spi.o(i.SPI_2linesRxISR_16BIT), (48 bytes).
    Removing stm32f1xx_hal_spi.o(i.SPI_2linesRxISR_8BIT), (48 bytes).
    Removing stm32f1xx_hal_spi.o(i.SPI_2linesTxISR_16BIT), (48 bytes).
    Removing stm32f1xx_hal_spi.o(i.SPI_2linesTxISR_8BIT), (48 bytes).
    Removing stm32f1xx_hal_spi.o(i.SPI_AbortRx_ISR), (80 bytes).
    Removing stm32f1xx_hal_spi.o(i.SPI_AbortTx_ISR), (28 bytes).
    Removing stm32f1xx_hal_spi.o(i.SPI_CloseRxTx_ISR), (144 bytes).
    Removing stm32f1xx_hal_spi.o(i.SPI_CloseRx_ISR), (76 bytes).
    Removing stm32f1xx_hal_spi.o(i.SPI_CloseTx_ISR), (124 bytes).
    Removing stm32f1xx_hal_spi.o(i.SPI_DMAAbortOnError), (16 bytes).
    Removing stm32f1xx_hal_spi.o(i.SPI_DMAError), (34 bytes).
    Removing stm32f1xx_hal_spi.o(i.SPI_DMAHalfReceiveCplt), (10 bytes).
    Removing stm32f1xx_hal_spi.o(i.SPI_DMAHalfTransmitCplt), (10 bytes).
    Removing stm32f1xx_hal_spi.o(i.SPI_DMAHalfTransmitReceiveCplt), (10 bytes).
    Removing stm32f1xx_hal_spi.o(i.SPI_DMAReceiveCplt), (84 bytes).
    Removing stm32f1xx_hal_spi.o(i.SPI_DMARxAbortCallback), (98 bytes).
    Removing stm32f1xx_hal_spi.o(i.SPI_DMATransmitCplt), (100 bytes).
    Removing stm32f1xx_hal_spi.o(i.SPI_DMATransmitReceiveCplt), (90 bytes).
    Removing stm32f1xx_hal_spi.o(i.SPI_DMATxAbortCallback), (112 bytes).
    Removing stm32f1xx_hal_spi.o(i.SPI_EndRxTransaction), (92 bytes).
    Removing stm32f1xx_hal_spi.o(i.SPI_RxISR_16BIT), (32 bytes).
    Removing stm32f1xx_hal_spi.o(i.SPI_RxISR_8BIT), (32 bytes).
    Removing stm32f1xx_hal_spi.o(i.SPI_TxISR_16BIT), (32 bytes).
    Removing stm32f1xx_hal_spi.o(i.SPI_TxISR_8BIT), (32 bytes).
    Removing stm32f1xx_hal_tim.o(.rev16_text), (4 bytes).
    Removing stm32f1xx_hal_tim.o(.revsh_text), (4 bytes).
    Removing stm32f1xx_hal_tim.o(.rrx_text), (6 bytes).
    Removing stm32f1xx_hal_tim_ex.o(.rev16_text), (4 bytes).
    Removing stm32f1xx_hal_tim_ex.o(.revsh_text), (4 bytes).
    Removing stm32f1xx_hal_tim_ex.o(.rrx_text), (6 bytes).
    Removing stm32f1xx_hal_uart.o(.rev16_text), (4 bytes).
    Removing stm32f1xx_hal_uart.o(.revsh_text), (4 bytes).
    Removing stm32f1xx_hal_uart.o(.rrx_text), (6 bytes).
    Removing stm32f1xx_hal_uart.o(i.HAL_HalfDuplex_EnableReceiver), (50 bytes).
    Removing stm32f1xx_hal_uart.o(i.HAL_HalfDuplex_EnableTransmitter), (50 bytes).
    Removing stm32f1xx_hal_uart.o(i.HAL_HalfDuplex_Init), (108 bytes).
    Removing stm32f1xx_hal_uart.o(i.HAL_LIN_Init), (128 bytes).
    Removing stm32f1xx_hal_uart.o(i.HAL_LIN_SendBreak), (46 bytes).
    Removing stm32f1xx_hal_uart.o(i.HAL_MultiProcessor_EnterMuteMode), (46 bytes).
    Removing stm32f1xx_hal_uart.o(i.HAL_MultiProcessor_ExitMuteMode), (46 bytes).
    Removing stm32f1xx_hal_uart.o(i.HAL_MultiProcessor_Init), (142 bytes).
    Removing stm32f1xx_hal_uart.o(i.HAL_UART_Abort), (138 bytes).
    Removing stm32f1xx_hal_uart.o(i.HAL_UART_AbortCpltCallback), (2 bytes).
    Removing stm32f1xx_hal_uart.o(i.HAL_UART_AbortReceive), (88 bytes).
    Removing stm32f1xx_hal_uart.o(i.HAL_UART_AbortReceiveCpltCallback), (2 bytes).
    Removing stm32f1xx_hal_uart.o(i.HAL_UART_AbortReceive_IT), (92 bytes).
    Removing stm32f1xx_hal_uart.o(i.HAL_UART_AbortTransmit), (78 bytes).
    Removing stm32f1xx_hal_uart.o(i.HAL_UART_AbortTransmitCpltCallback), (2 bytes).
    Removing stm32f1xx_hal_uart.o(i.HAL_UART_AbortTransmit_IT), (84 bytes).
    Removing stm32f1xx_hal_uart.o(i.HAL_UART_Abort_IT), (172 bytes).
    Removing stm32f1xx_hal_uart.o(i.HAL_UART_DMAPause), (102 bytes).
    Removing stm32f1xx_hal_uart.o(i.HAL_UART_DMAResume), (94 bytes).
    Removing stm32f1xx_hal_uart.o(i.HAL_UART_DMAStop), (88 bytes).
    Removing stm32f1xx_hal_uart.o(i.HAL_UART_DeInit), (50 bytes).
    Removing stm32f1xx_hal_uart.o(i.HAL_UART_ErrorCallback), (2 bytes).
    Removing stm32f1xx_hal_uart.o(i.HAL_UART_GetError), (4 bytes).
    Removing stm32f1xx_hal_uart.o(i.HAL_UART_GetState), (10 bytes).
    Removing stm32f1xx_hal_uart.o(i.HAL_UART_IRQHandler), (272 bytes).
    Removing stm32f1xx_hal_uart.o(i.HAL_UART_MspDeInit), (2 bytes).
    Removing stm32f1xx_hal_uart.o(i.HAL_UART_MspInit), (2 bytes).
    Removing stm32f1xx_hal_uart.o(i.HAL_UART_Receive), (184 bytes).
    Removing stm32f1xx_hal_uart.o(i.HAL_UART_Receive_DMA), (152 bytes).
    Removing stm32f1xx_hal_uart.o(i.HAL_UART_Receive_IT), (82 bytes).
    Removing stm32f1xx_hal_uart.o(i.HAL_UART_RxCpltCallback), (2 bytes).
    Removing stm32f1xx_hal_uart.o(i.HAL_UART_RxHalfCpltCallback), (2 bytes).
    Removing stm32f1xx_hal_uart.o(i.HAL_UART_Transmit_DMA), (128 bytes).
    Removing stm32f1xx_hal_uart.o(i.HAL_UART_Transmit_IT), (62 bytes).
    Removing stm32f1xx_hal_uart.o(i.HAL_UART_TxCpltCallback), (2 bytes).
    Removing stm32f1xx_hal_uart.o(i.HAL_UART_TxHalfCpltCallback), (2 bytes).
    Removing stm32f1xx_hal_uart.o(i.UART_DMAAbortOnError), (16 bytes).
    Removing stm32f1xx_hal_uart.o(i.UART_DMAError), (74 bytes).
    Removing stm32f1xx_hal_uart.o(i.UART_DMAReceiveCplt), (60 bytes).
    Removing stm32f1xx_hal_uart.o(i.UART_DMARxAbortCallback), (42 bytes).
    Removing stm32f1xx_hal_uart.o(i.UART_DMARxHalfCplt), (10 bytes).
    Removing stm32f1xx_hal_uart.o(i.UART_DMARxOnlyAbortCallback), (20 bytes).
    Removing stm32f1xx_hal_uart.o(i.UART_DMATransmitCplt), (46 bytes).
    Removing stm32f1xx_hal_uart.o(i.UART_DMATxAbortCallback), (42 bytes).
    Removing stm32f1xx_hal_uart.o(i.UART_DMATxHalfCplt), (10 bytes).
    Removing stm32f1xx_hal_uart.o(i.UART_DMATxOnlyAbortCallback), (20 bytes).
    Removing stm32f1xx_hal_uart.o(i.UART_EndRxTransfer), (28 bytes).
    Removing stm32f1xx_hal_uart.o(i.UART_EndTxTransfer), (18 bytes).
    Removing stm32f1xx_hal_uart.o(i.UART_Receive_IT), (150 bytes).
    Removing stm32f1xx_hal_uart.o(i.UART_Transmit_IT), (98 bytes).
    Removing stm32f1xx_hal.o(.rev16_text), (4 bytes).
    Removing stm32f1xx_hal.o(.revsh_text), (4 bytes).
    Removing stm32f1xx_hal.o(.rrx_text), (6 bytes).
    Removing stm32f1xx_hal.o(i.HAL_DBGMCU_DisableDBGSleepMode), (16 bytes).
    Removing stm32f1xx_hal.o(i.HAL_DBGMCU_DisableDBGStandbyMode), (16 bytes).
    Removing stm32f1xx_hal.o(i.HAL_DBGMCU_DisableDBGStopMode), (16 bytes).
    Removing stm32f1xx_hal.o(i.HAL_DBGMCU_EnableDBGSleepMode), (16 bytes).
    Removing stm32f1xx_hal.o(i.HAL_DBGMCU_EnableDBGStandbyMode), (16 bytes).
    Removing stm32f1xx_hal.o(i.HAL_DBGMCU_EnableDBGStopMode), (16 bytes).
    Removing stm32f1xx_hal.o(i.HAL_DeInit), (32 bytes).
    Removing stm32f1xx_hal.o(i.HAL_GetDEVID), (16 bytes).
    Removing stm32f1xx_hal.o(i.HAL_GetHalVersion), (8 bytes).
    Removing stm32f1xx_hal.o(i.HAL_GetREVID), (12 bytes).
    Removing stm32f1xx_hal.o(i.HAL_GetTickFreq), (12 bytes).
    Removing stm32f1xx_hal.o(i.HAL_GetTickPrio), (12 bytes).
    Removing stm32f1xx_hal.o(i.HAL_GetUIDw0), (12 bytes).
    Removing stm32f1xx_hal.o(i.HAL_GetUIDw1), (12 bytes).
    Removing stm32f1xx_hal.o(i.HAL_GetUIDw2), (12 bytes).
    Removing stm32f1xx_hal.o(i.HAL_MspDeInit), (2 bytes).
    Removing stm32f1xx_hal.o(i.HAL_MspInit), (2 bytes).
    Removing stm32f1xx_hal.o(i.HAL_ResumeTick), (14 bytes).
    Removing stm32f1xx_hal.o(i.HAL_SetTickFreq), (32 bytes).
    Removing stm32f1xx_hal.o(i.HAL_SuspendTick), (14 bytes).
    Removing stm32f1xx_hal_rcc.o(.rev16_text), (4 bytes).
    Removing stm32f1xx_hal_rcc.o(.revsh_text), (4 bytes).
    Removing stm32f1xx_hal_rcc.o(.rrx_text), (6 bytes).
    Removing stm32f1xx_hal_rcc.o(i.HAL_RCC_CSSCallback), (2 bytes).
    Removing stm32f1xx_hal_rcc.o(i.HAL_RCC_DeInit), (220 bytes).
    Removing stm32f1xx_hal_rcc.o(i.HAL_RCC_DisableCSS), (12 bytes).
    Removing stm32f1xx_hal_rcc.o(i.HAL_RCC_EnableCSS), (12 bytes).
    Removing stm32f1xx_hal_rcc.o(i.HAL_RCC_GetClockConfig), (64 bytes).
    Removing stm32f1xx_hal_rcc.o(i.HAL_RCC_GetHCLKFreq), (12 bytes).
    Removing stm32f1xx_hal_rcc.o(i.HAL_RCC_GetOscConfig), (144 bytes).
    Removing stm32f1xx_hal_rcc.o(i.HAL_RCC_MCOConfig), (72 bytes).
    Removing stm32f1xx_hal_rcc.o(i.HAL_RCC_NMI_IRQHandler), (24 bytes).
    Removing stm32f1xx_hal_rcc_ex.o(.rev16_text), (4 bytes).
    Removing stm32f1xx_hal_rcc_ex.o(.revsh_text), (4 bytes).
    Removing stm32f1xx_hal_rcc_ex.o(.rrx_text), (6 bytes).
    Removing stm32f1xx_hal_rcc_ex.o(i.HAL_RCCEx_GetPeriphCLKConfig), (52 bytes).
    Removing stm32f1xx_hal_rcc_ex.o(i.HAL_RCCEx_GetPeriphCLKFreq), (212 bytes).
    Removing stm32f1xx_hal_rcc_ex.o(i.HAL_RCCEx_PeriphCLKConfig), (236 bytes).
    Removing stm32f1xx_hal_gpio.o(.rev16_text), (4 bytes).
    Removing stm32f1xx_hal_gpio.o(.revsh_text), (4 bytes).
    Removing stm32f1xx_hal_gpio.o(.rrx_text), (6 bytes).
    Removing stm32f1xx_hal_gpio.o(i.HAL_GPIO_DeInit), (288 bytes).
    Removing stm32f1xx_hal_gpio.o(i.HAL_GPIO_EXTI_Callback), (2 bytes).
    Removing stm32f1xx_hal_gpio.o(i.HAL_GPIO_EXTI_IRQHandler), (24 bytes).
    Removing stm32f1xx_hal_gpio.o(i.HAL_GPIO_LockPin), (34 bytes).
    Removing stm32f1xx_hal_gpio.o(i.HAL_GPIO_ReadPin), (10 bytes).
    Removing stm32f1xx_hal_gpio.o(i.HAL_GPIO_TogglePin), (14 bytes).
    Removing stm32f1xx_hal_dma.o(.rev16_text), (4 bytes).
    Removing stm32f1xx_hal_dma.o(.revsh_text), (4 bytes).
    Removing stm32f1xx_hal_dma.o(.rrx_text), (6 bytes).
    Removing stm32f1xx_hal_dma.o(i.DMA_SetConfig), (42 bytes).
    Removing stm32f1xx_hal_dma.o(i.HAL_DMA_Abort), (70 bytes).
    Removing stm32f1xx_hal_dma.o(i.HAL_DMA_Abort_IT), (304 bytes).
    Removing stm32f1xx_hal_dma.o(i.HAL_DMA_DeInit), (128 bytes).
    Removing stm32f1xx_hal_dma.o(i.HAL_DMA_GetError), (4 bytes).
    Removing stm32f1xx_hal_dma.o(i.HAL_DMA_GetState), (6 bytes).
    Removing stm32f1xx_hal_dma.o(i.HAL_DMA_IRQHandler), (584 bytes).
    Removing stm32f1xx_hal_dma.o(i.HAL_DMA_Init), (124 bytes).
    Removing stm32f1xx_hal_dma.o(i.HAL_DMA_PollForTransfer), (988 bytes).
    Removing stm32f1xx_hal_dma.o(i.HAL_DMA_RegisterCallback), (74 bytes).
    Removing stm32f1xx_hal_dma.o(i.HAL_DMA_Start), (80 bytes).
    Removing stm32f1xx_hal_dma.o(i.HAL_DMA_Start_IT), (112 bytes).
    Removing stm32f1xx_hal_dma.o(i.HAL_DMA_UnRegisterCallback), (82 bytes).
    Removing stm32f1xx_hal_cortex.o(.rev16_text), (4 bytes).
    Removing stm32f1xx_hal_cortex.o(.revsh_text), (4 bytes).
    Removing stm32f1xx_hal_cortex.o(.rrx_text), (6 bytes).
    Removing stm32f1xx_hal_cortex.o(i.HAL_NVIC_ClearPendingIRQ), (26 bytes).
    Removing stm32f1xx_hal_cortex.o(i.HAL_NVIC_DisableIRQ), (34 bytes).
    Removing stm32f1xx_hal_cortex.o(i.HAL_NVIC_EnableIRQ), (26 bytes).
    Removing stm32f1xx_hal_cortex.o(i.HAL_NVIC_GetActive), (36 bytes).
    Removing stm32f1xx_hal_cortex.o(i.HAL_NVIC_GetPendingIRQ), (36 bytes).
    Removing stm32f1xx_hal_cortex.o(i.HAL_NVIC_GetPriority), (82 bytes).
    Removing stm32f1xx_hal_cortex.o(i.HAL_NVIC_GetPriorityGrouping), (16 bytes).
    Removing stm32f1xx_hal_cortex.o(i.HAL_NVIC_SetPendingIRQ), (26 bytes).
    Removing stm32f1xx_hal_cortex.o(i.HAL_NVIC_SystemReset), (36 bytes).
    Removing stm32f1xx_hal_cortex.o(i.HAL_SYSTICK_CLKSourceConfig), (24 bytes).
    Removing stm32f1xx_hal_cortex.o(i.HAL_SYSTICK_Callback), (2 bytes).
    Removing stm32f1xx_hal_cortex.o(i.HAL_SYSTICK_IRQHandler), (8 bytes).
    Removing stm32f1xx_hal_pwr.o(.rev16_text), (4 bytes).
    Removing stm32f1xx_hal_pwr.o(.revsh_text), (4 bytes).
    Removing stm32f1xx_hal_pwr.o(.rrx_text), (6 bytes).
    Removing stm32f1xx_hal_pwr.o(i.HAL_PWR_ConfigPVD), (124 bytes).
    Removing stm32f1xx_hal_pwr.o(i.HAL_PWR_DeInit), (24 bytes).
    Removing stm32f1xx_hal_pwr.o(i.HAL_PWR_DisableBkUpAccess), (12 bytes).
    Removing stm32f1xx_hal_pwr.o(i.HAL_PWR_DisablePVD), (12 bytes).
    Removing stm32f1xx_hal_pwr.o(i.HAL_PWR_DisableSEVOnPend), (16 bytes).
    Removing stm32f1xx_hal_pwr.o(i.HAL_PWR_DisableSleepOnExit), (16 bytes).
    Removing stm32f1xx_hal_pwr.o(i.HAL_PWR_DisableWakeUpPin), (28 bytes).
    Removing stm32f1xx_hal_pwr.o(i.HAL_PWR_EnableBkUpAccess), (12 bytes).
    Removing stm32f1xx_hal_pwr.o(i.HAL_PWR_EnablePVD), (12 bytes).
    Removing stm32f1xx_hal_pwr.o(i.HAL_PWR_EnableSEVOnPend), (16 bytes).
    Removing stm32f1xx_hal_pwr.o(i.HAL_PWR_EnableSleepOnExit), (16 bytes).
    Removing stm32f1xx_hal_pwr.o(i.HAL_PWR_EnableWakeUpPin), (28 bytes).
    Removing stm32f1xx_hal_pwr.o(i.HAL_PWR_EnterSLEEPMode), (32 bytes).
    Removing stm32f1xx_hal_pwr.o(i.HAL_PWR_EnterSTANDBYMode), (32 bytes).
    Removing stm32f1xx_hal_pwr.o(i.HAL_PWR_EnterSTOPMode), (68 bytes).
    Removing stm32f1xx_hal_pwr.o(i.HAL_PWR_PVDCallback), (2 bytes).
    Removing stm32f1xx_hal_pwr.o(i.HAL_PWR_PVD_IRQHandler), (28 bytes).
    Removing stm32f1xx_hal_pwr.o(i.PWR_OverloadWfe), (6 bytes).
    Removing stm32f1xx_hal_flash.o(.rev16_text), (4 bytes).
    Removing stm32f1xx_hal_flash.o(.revsh_text), (4 bytes).
    Removing stm32f1xx_hal_flash.o(.rrx_text), (6 bytes).
    Removing stm32f1xx_hal_flash.o(i.FLASH_Program_HalfWord), (28 bytes).
    Removing stm32f1xx_hal_flash.o(i.FLASH_SetErrorCode), (92 bytes).
    Removing stm32f1xx_hal_flash.o(i.FLASH_WaitForLastOperation), (84 bytes).
    Removing stm32f1xx_hal_flash.o(i.HAL_FLASH_EndOfOperationCallback), (2 bytes).
    Removing stm32f1xx_hal_flash.o(i.HAL_FLASH_GetError), (12 bytes).
    Removing stm32f1xx_hal_flash.o(i.HAL_FLASH_IRQHandler), (264 bytes).
    Removing stm32f1xx_hal_flash.o(i.HAL_FLASH_Lock), (20 bytes).
    Removing stm32f1xx_hal_flash.o(i.HAL_FLASH_OB_Launch), (4 bytes).
    Removing stm32f1xx_hal_flash.o(i.HAL_FLASH_OB_Lock), (20 bytes).
    Removing stm32f1xx_hal_flash.o(i.HAL_FLASH_OB_Unlock), (36 bytes).
    Removing stm32f1xx_hal_flash.o(i.HAL_FLASH_OperationErrorCallback), (2 bytes).
    Removing stm32f1xx_hal_flash.o(i.HAL_FLASH_Program), (128 bytes).
    Removing stm32f1xx_hal_flash.o(i.HAL_FLASH_Program_IT), (100 bytes).
    Removing stm32f1xx_hal_flash.o(i.HAL_FLASH_Unlock), (40 bytes).
    Removing stm32f1xx_hal_flash.o(.bss), (32 bytes).
    Removing stm32f1xx_hal_flash_ex.o(.rev16_text), (4 bytes).
    Removing stm32f1xx_hal_flash_ex.o(.revsh_text), (4 bytes).
    Removing stm32f1xx_hal_flash_ex.o(.rrx_text), (6 bytes).
    Removing stm32f1xx_hal_flash_ex.o(i.FLASH_MassErase), (36 bytes).
    Removing stm32f1xx_hal_flash_ex.o(i.FLASH_OB_DisableWRP), (176 bytes).
    Removing stm32f1xx_hal_flash_ex.o(i.FLASH_OB_EnableWRP), (176 bytes).
    Removing stm32f1xx_hal_flash_ex.o(i.FLASH_OB_GetRDP), (24 bytes).
    Removing stm32f1xx_hal_flash_ex.o(i.FLASH_OB_RDP_LevelConfig), (100 bytes).
    Removing stm32f1xx_hal_flash_ex.o(i.FLASH_PageErase), (36 bytes).
    Removing stm32f1xx_hal_flash_ex.o(i.HAL_FLASHEx_Erase), (168 bytes).
    Removing stm32f1xx_hal_flash_ex.o(i.HAL_FLASHEx_Erase_IT), (84 bytes).
    Removing stm32f1xx_hal_flash_ex.o(i.HAL_FLASHEx_OBErase), (84 bytes).
    Removing stm32f1xx_hal_flash_ex.o(i.HAL_FLASHEx_OBGetConfig), (36 bytes).
    Removing stm32f1xx_hal_flash_ex.o(i.HAL_FLASHEx_OBGetUserData), (32 bytes).
    Removing stm32f1xx_hal_flash_ex.o(i.HAL_FLASHEx_OBProgram), (200 bytes).
    Removing stm32f1xx_hal_exti.o(.rev16_text), (4 bytes).
    Removing stm32f1xx_hal_exti.o(.revsh_text), (4 bytes).
    Removing stm32f1xx_hal_exti.o(.rrx_text), (6 bytes).
    Removing stm32f1xx_hal_exti.o(i.HAL_EXTI_ClearConfigLine), (104 bytes).
    Removing stm32f1xx_hal_exti.o(i.HAL_EXTI_ClearPending), (20 bytes).
    Removing stm32f1xx_hal_exti.o(i.HAL_EXTI_GenerateSWI), (20 bytes).
    Removing stm32f1xx_hal_exti.o(i.HAL_EXTI_GetConfigLine), (152 bytes).
    Removing stm32f1xx_hal_exti.o(i.HAL_EXTI_GetHandle), (12 bytes).
    Removing stm32f1xx_hal_exti.o(i.HAL_EXTI_GetPending), (24 bytes).
    Removing stm32f1xx_hal_exti.o(i.HAL_EXTI_IRQHandler), (36 bytes).
    Removing stm32f1xx_hal_exti.o(i.HAL_EXTI_RegisterCallback), (14 bytes).
    Removing stm32f1xx_hal_exti.o(i.HAL_EXTI_SetConfigLine), (164 bytes).
    Removing system_stm32f1xx.o(.rev16_text), (4 bytes).
    Removing system_stm32f1xx.o(.revsh_text), (4 bytes).
    Removing system_stm32f1xx.o(.rrx_text), (6 bytes).
    Removing system_stm32f1xx.o(i.SystemCoreClockUpdate), (104 bytes).
    Removing uicode.o(i._Z11projectOnXYPdS_d), (36 bytes).
    Removing uicode.o(i._Z12thread_sleepj), (6 bytes).
    Removing uicode.o(i._Z13create_threadPmPvPFS0_S0_ES0_), (24 bytes).
    Removing uicode.o(i._Z13second_to_dayl), (22 bytes).
    Removing uicode.o(i._Z14register_timeriPFvPvS_E), (24 bytes).
    Removing uicode.o(i._Z16start_real_timerPFvPvE), (24 bytes).
    Removing uicode.o(i._Z17get_cur_thread_idv), (28 bytes).
    Removing uicode.o(i._Z18get_time_in_secondv), (4 bytes).
    Removing uicode.o(i._Z23register_debug_functionPFvPKciEPFvS0_E), (12 bytes).
    Removing uicode.o(i._Z7_assertPKci), (16 bytes).
    Removing uicode.o(i._Z7log_outPKc), (16 bytes).
    Removing uicode.o(i._Z7rotateXdPdS_), (104 bytes).
    Removing uicode.o(i._Z7rotateYdPdS_), (100 bytes).
    Removing uicode.o(i._Z7rotateZdPdS_), (100 bytes).
    Removing uicode.o(i._Z8get_timev), (22 bytes).
    Removing uicode.o(i._Z8multiplyiiiPdS_S_), (108 bytes).
    Removing uicode.o(i._Z9build_bmpPKcjjPh), (28 bytes).
    Removing uicode.o(i._Z9create_uiPviiiP15EXTERNAL_GFX_OP), (412 bytes).
    Removing uicode.o(i._ZN6c_fifo4readEPvi), (92 bytes).
    Removing uicode.o(i._ZN6c_fifo5writeEPvi), (148 bytes).
    Removing uicode.o(i._ZN6c_fifoC1Ev), (20 bytes).
    Removing uicode.o(i._ZNK10c_keyboard15get_msg_entriesEv), (8 bytes).
    Removing uicode.o(i._ZNK12c_cmd_target15get_msg_entriesEv), (8 bytes).
    Removing uicode.o(i._ZNK6c_edit15get_msg_entriesEv), (8 bytes).
    Removing uicode.o(i.getUiOfHello3D), (44 bytes).
    Removing uicode.o(i.startHello3D), (10 bytes).
    Removing uicode.o(.ARM.exidx), (8 bytes).
    Removing uicode.o(.ARM.exidx), (8 bytes).
    Removing uicode.o(.ARM.exidx), (8 bytes).
    Removing uicode.o(.ARM.exidx), (8 bytes).
    Removing uicode.o(.ARM.exidx), (8 bytes).
    Removing uicode.o(.ARM.exidx), (8 bytes).
    Removing uicode.o(.ARM.exidx), (8 bytes).
    Removing uicode.o(.ARM.exidx), (8 bytes).
    Removing uicode.o(.ARM.exidx), (8 bytes).
    Removing uicode.o(.ARM.exidx), (8 bytes).
    Removing uicode.o(.ARM.exidx), (8 bytes).
    Removing uicode.o(.ARM.exidx), (8 bytes).
    Removing uicode.o(.ARM.exidx), (8 bytes).
    Removing uicode.o(.ARM.exidx), (8 bytes).
    Removing uicode.o(.ARM.exidx), (8 bytes).
    Removing uicode.o(.ARM.exidx), (8 bytes).
    Removing uicode.o(.ARM.exidx), (8 bytes).
    Removing uicode.o(.ARM.exidx), (8 bytes).
    Removing uicode.o(.ARM.exidx), (8 bytes).
    Removing uicode.o(.ARM.exidx), (8 bytes).
    Removing uicode.o(.ARM.exidx), (8 bytes).
    Removing uicode.o(.ARM.exidx), (8 bytes).
    Removing uicode.o(.ARM.exidx), (8 bytes).
    Removing uicode.o(.ARM.exidx), (8 bytes).
    Removing uicode.o(.ARM.exidx), (8 bytes).
    Removing uicode.o(.ARM.exidx), (8 bytes).
    Removing uicode.o(.ARM.exidx), (8 bytes).
    Removing uicode.o(.bss), (24 bytes).
    Removing uicode.o(.bss), (48 bytes).
    Removing uicode.o(.constdata), (100 bytes).
    Removing uicode.o(.data), (1528 bytes).
    Removing dadd.o(.text), (334 bytes).
    Removing dmul.o(.text), (228 bytes).
    Removing ddiv.o(.text), (222 bytes).
    Removing dflti.o(.text), (34 bytes).
    Removing dfixi.o(.text), (62 bytes).
    Removing depilogue.o(.text), (186 bytes).
    Removing dscalb.o(.text), (46 bytes).
    Removing dfltui.o(.text), (26 bytes).
    Removing uicode.o(.constdata__ZZN6c_rect8set_rectEiiiiEs), (20 bytes).
    Removing uicode.o(.constdata__ZTV12c_cmd_target), (12 bytes).
    Removing uicode.o(.constdata__ZZN12c_cmd_target12load_cmd_msgEvEs), (20 bytes).
    Removing uicode.o(.constdata__ZZN7c_theme8get_fontE9FONT_TYPEEs), (20 bytes).
    Removing uicode.o(.constdata__ZZN7c_theme9get_colorE10COLOR_TYPEEs), (20 bytes).
    Removing uicode.o(.constdata__ZZN9c_surface10draw_pixelEiijjEs), (20 bytes).
    Removing uicode.o(.constdata__ZZN9c_surface10show_layerER6c_rectjEs), (20 bytes).
    Removing uicode.o(.constdata__ZZN9c_surface14attach_displayEP9c_displayEs), (20 bytes).
    Removing uicode.o(.constdata__ZZN9c_surface11set_surfaceE13Z_ORDER_LEVEL6c_rectEs), (20 bytes).
    Removing uicode.o(.constdata__ZZN6c_word12draw_latticeEP9c_surfaceiiiiiPKhjjEs), (20 bytes).
    Removing uicode.o(.constdata__ZZN6c_word14get_string_posEPKcPK16struct_font_info6c_rectjRiS6_Es), (20 bytes).
    Removing uicode.o(.constdata__ZZN6c_word13get_utf8_codeEPKcRjEs), (20 bytes).
    Removing uicode.o(.constdata__ZZN5c_wnd7connectEPS_tPKcssssP15struct_wnd_treeEs), (20 bytes).
    Removing uicode.o(.constdata__ZZN5c_wnd15set_child_focusEPS_Es), (20 bytes).
    Removing uicode.o(.constdata__ZZN5c_wnd16add_child_2_tailEPS_Es), (20 bytes).
    Removing uicode.o(.constdata__ZZN5c_wnd14load_child_wndEP15struct_wnd_treeEs), (20 bytes).
    Removing uicode.o(.constdata__ZZN8c_button8on_paintEvEs), (20 bytes).
    Removing uicode.o(.constdata__ZZN10c_keyboard7connectEP5c_wndt14KEYBOARD_STYLEEs), (20 bytes).
    Removing uicode.o(.constdata__ZZN10c_keyboard15on_char_clickedEiiEs), (20 bytes).
    Removing uicode.o(.constdata__ZZN17c_keyboard_button8on_paintEvEs), (20 bytes).
    Removing uicode.o(.constdata__ZZN17c_keyboard_button8on_paintEvEs_0), (5 bytes).
    Removing uicode.o(.constdata__ZZN17c_keyboard_button8on_paintEvEs_1), (4 bytes).
    Removing uicode.o(.constdata__ZZN17c_keyboard_button8on_paintEvEs_2), (6 bytes).
    Removing uicode.o(.constdata__ZZN17c_keyboard_button8on_paintEvEs_3), (6 bytes).
    Removing uicode.o(.constdata__ZZN17c_keyboard_button8on_paintEvEs_4), (2 bytes).
    Removing uicode.o(.constdata__ZZN17c_keyboard_button8on_paintEvEs_5), (5 bytes).
    Removing uicode.o(.constdata__ZZN17c_keyboard_button8on_paintEvEs_6), (5 bytes).
    Removing uicode.o(.constdata__ZTV6c_edit), (56 bytes).
    Removing uicode.o(.constdata__ZZN6c_edit8on_paintEvEs), (20 bytes).
    Removing uicode.o(.constdata__ZZN6c_edit18on_key_board_clickEiiEs), (20 bytes).
    Removing uicode.o(i._ZN9c_surface9draw_lineEiiiijj), (202 bytes).
    Removing uicode.o(.ARM.exidx), (8 bytes).
    Removing uicode.o(i._ZN7Pyramid4drawEiib), (856 bytes).
    Removing uicode.o(.ARM.exidx), (8 bytes).
    Removing uicode.o(i._ZN7Pyramid6rotateEv), (148 bytes).
    Removing uicode.o(.ARM.exidx), (8 bytes).
    Removing uicode.o(i._ZN4Cube4drawEiib), (392 bytes).
    Removing uicode.o(.ARM.exidx), (8 bytes).
    Removing uicode.o(i._ZN4Cube6rotateEv), (112 bytes).
    Removing uicode.o(.ARM.exidx), (8 bytes).
    Removing uicode.o(i._ZN9c_displayC1EPviiP9c_surface), (46 bytes).
    Removing uicode.o(.ARM.exidx), (8 bytes).
    Removing uicode.o(i._ZN9c_surface11set_surfaceE13Z_ORDER_LEVEL6c_rect), (116 bytes).
    Removing uicode.o(.ARM.exidx), (8 bytes).
    Removing uicode.o(i._ZN9c_surfaceC1Ejjj13Z_ORDER_LEVEL6c_rect), (156 bytes).
    Removing uicode.o(.ARM.exidx), (8 bytes).
    Removing uicode.o(i._ZN9c_surface9draw_rectEiiiijjj), (114 bytes).
    Removing uicode.o(.ARM.exidx), (8 bytes).
    Removing uicode.o(i._ZN9c_surface10show_layerER6c_rectj), (180 bytes).
    Removing uicode.o(.ARM.exidx), (8 bytes).
    Removing uicode.o(i._ZN6c_word11get_latticeEPK16struct_font_infoj), (70 bytes).
    Removing uicode.o(.ARM.exidx), (8 bytes).
    Removing uicode.o(i._ZN6c_word13get_utf8_codeEPKcRj), (84 bytes).
    Removing uicode.o(.ARM.exidx), (8 bytes).
    Removing uicode.o(i._ZN6c_word19draw_string_in_rectEP9c_surfaceiPKc6c_rectPK16struct_font_infojjj), (126 bytes).
    Removing uicode.o(.ARM.exidx), (8 bytes).
    Removing uicode.o(.ARM.exidx), (8 bytes).
    Removing uicode.o(i._ZN5c_wnd7connectEPS_tPKcssssP15struct_wnd_tree), (252 bytes).
    Removing uicode.o(.ARM.exidx), (8 bytes).
    Removing uicode.o(i._ZN5c_wnd10disconnectEv), (92 bytes).
    Removing uicode.o(.ARM.exidx), (8 bytes).
    Removing uicode.o(i._ZN5c_wnd11show_windowEv), (38 bytes).
    Removing uicode.o(.ARM.exidx), (8 bytes).
    Removing uicode.o(i._ZNK5c_wnd15get_screen_rectER6c_rect), (76 bytes).
    Removing uicode.o(.ARM.exidx), (8 bytes).
    Removing uicode.o(i._ZN5c_wnd15set_child_focusEPS_), (72 bytes).
    Removing uicode.o(.ARM.exidx), (8 bytes).
    Removing uicode.o(i._ZN5c_wnd13notify_parentEii), (86 bytes).
    Removing uicode.o(.ARM.exidx), (8 bytes).
    Removing uicode.o(i._ZN5c_wnd8on_touchEii12TOUCH_ACTION), (122 bytes).
    Removing uicode.o(.ARM.exidx), (8 bytes).
    Removing uicode.o(i._ZN5c_wnd11on_navigateE14NAVIGATION_KEY), (180 bytes).
    Removing uicode.o(.ARM.exidx), (8 bytes).
    Removing uicode.o(i._ZN10c_keyboard7connectEP5c_wndt14KEYBOARD_STYLE), (156 bytes).
    Removing uicode.o(.ARM.exidx), (8 bytes).
    Removing uicode.o(.ARM.exidx), (8 bytes).
    Removing uicode.o(i._ZN6c_editD1Ev), (2 bytes).
    Removing uicode.o(.ARM.exidx), (8 bytes).
    Removing uicode.o(i._ZN5ShapeC2Ev), (24 bytes).
    Removing uicode.o(.ARM.exidx), (8 bytes).
    Removing uicode.o(.ARM.exidx), (8 bytes).
    Removing uicode.o(i._ZN6c_rect8set_rectEiiii), (44 bytes).
    Removing uicode.o(.ARM.exidx), (8 bytes).
    Removing uicode.o(i._ZN7c_layerC1Ev), (16 bytes).
    Removing uicode.o(.ARM.exidx), (8 bytes).
    Removing uicode.o(i._ZNK6c_rect10pt_in_rectEii), (32 bytes).
    Removing uicode.o(.ARM.exidx), (8 bytes).
    Removing uicode.o(i._ZN12c_cmd_target12load_cmd_msgEv), (160 bytes).
    Removing uicode.o(.ARM.exidx), (8 bytes).
    Removing uicode.o(i._ZN9c_surface10draw_hlineEiiijj), (46 bytes).
    Removing uicode.o(.ARM.exidx), (8 bytes).
    Removing uicode.o(i._ZN9c_surface10draw_vlineEiiijj), (46 bytes).
    Removing uicode.o(.ARM.exidx), (8 bytes).
    Removing uicode.o(i._ZN6c_word16draw_single_charEP9c_surfaceijiiPK16struct_font_infojj), (184 bytes).
    Removing uicode.o(.ARM.exidx), (8 bytes).
    Removing uicode.o(i._ZN6c_word14get_string_posEPKcPK16struct_font_info6c_rectjRiS6_), (208 bytes).
    Removing uicode.o(.ARM.exidx), (8 bytes).
    Removing uicode.o(i._ZNK5c_wnd14get_last_childEv), (18 bytes).
    Removing uicode.o(.ARM.exidx), (8 bytes).
    Removing uicode.o(i._ZN5c_wnd16on_init_childrenEv), (2 bytes).
    Removing uicode.o(.ARM.exidx), (8 bytes).
    Removing uicode.o(i._ZNK5c_wnd12is_focus_wndEv), (18 bytes).
    Removing uicode.o(.ARM.exidx), (8 bytes).
    Removing uicode.o(i._ZNK5c_wnd12get_wnd_rectER6c_rect), (12 bytes).
    Removing uicode.o(.ARM.exidx), (8 bytes).
    Removing uicode.o(i._ZN5c_wnd8on_focusEv), (2 bytes).
    Removing uicode.o(.ARM.exidx), (8 bytes).
    Removing uicode.o(i._ZN5c_wnd13on_kill_focusEv), (2 bytes).
    Removing uicode.o(.ARM.exidx), (8 bytes).
    Removing uicode.o(i._ZN10c_keyboard14pre_create_wndEv), (30 bytes).
    Removing uicode.o(.ARM.exidx), (8 bytes).
    Removing uicode.o(i._ZN10c_keyboard8on_paintEv), (52 bytes).
    Removing uicode.o(.ARM.exidx), (8 bytes).
    Removing uicode.o(i._ZN10c_keyboard14on_key_clickedEii), (180 bytes).
    Removing uicode.o(.ARM.exidx), (8 bytes).
    Removing uicode.o(i._ZN10c_keyboardD0Ev), (4 bytes).
    Removing uicode.o(.ARM.exidx), (8 bytes).
    Removing uicode.o(.ARM.exidx), (8 bytes).
    Removing uicode.o(.ARM.exidx), (8 bytes).
    Removing uicode.o(i._ZN6c_edit14pre_create_wndEv), (84 bytes).
    Removing uicode.o(.ARM.exidx), (8 bytes).
    Removing uicode.o(i._ZN6c_edit8on_paintEv), (416 bytes).
    Removing uicode.o(.ARM.exidx), (8 bytes).
    Removing uicode.o(i._ZN6c_edit8on_focusEv), (10 bytes).
    Removing uicode.o(.ARM.exidx), (8 bytes).
    Removing uicode.o(i._ZN6c_edit13on_kill_focusEv), (10 bytes).
    Removing uicode.o(.ARM.exidx), (8 bytes).
    Removing uicode.o(i._ZN6c_edit11on_navigateE14NAVIGATION_KEY), (80 bytes).
    Removing uicode.o(.ARM.exidx), (8 bytes).
    Removing uicode.o(i._ZN6c_edit8on_touchEii12TOUCH_ACTION), (76 bytes).
    Removing uicode.o(.ARM.exidx), (8 bytes).
    Removing uicode.o(i._ZN6c_edit18on_key_board_clickEii), (92 bytes).
    Removing uicode.o(.ARM.exidx), (8 bytes).
    Removing uicode.o(i._ZN6c_editD0Ev), (4 bytes).
    Removing uicode.o(.ARM.exidx), (8 bytes).
    Removing uicode.o(i._ZN7c_theme8get_fontE9FONT_TYPE), (32 bytes).
    Removing uicode.o(.ARM.exidx), (8 bytes).
    Removing uicode.o(i._ZN7c_theme9get_colorE10COLOR_TYPE), (32 bytes).
    Removing uicode.o(.ARM.exidx), (8 bytes).
    Removing uicode.o(i._ZN9c_surface9fill_rectE6c_rectjj), (20 bytes).
    Removing uicode.o(.ARM.exidx), (8 bytes).
    Removing uicode.o(i._ZN6c_word12draw_latticeEP9c_surfaceiiiiiPKhjj), (284 bytes).
    Removing uicode.o(.ARM.exidx), (8 bytes).
    Removing uicode.o(i._ZN6c_edit13on_touch_downEii), (136 bytes).
    Removing uicode.o(.ARM.exidx), (8 bytes).
    Removing uicode.o(.constdata__ZTI12c_cmd_target), (8 bytes).
    Removing uicode.o(.constdata__ZTV9c_surface), (24 bytes).
    Removing uicode.o(.constdata__ZTV15c_surface_no_fb), (24 bytes).
    Removing uicode.o(.constdata__ZTI6c_edit), (12 bytes).
    Removing uicode.o(.constdata__ZTV5Shape), (16 bytes).
    Removing uicode.o(.constdata__ZTV4Cube), (16 bytes).
    Removing uicode.o(.constdata__ZTV7Pyramid), (16 bytes).
    Removing uicode.o(.constdata__ZTI10c_keyboard), (12 bytes).
    Removing uicode.o(.data__ZZN6c_word13get_utf8_codeEPKcRjE19s_utf8_length_table), (256 bytes).
    Removing uicode.o(.constdata__ZTI9c_surface), (8 bytes).
    Removing uicode.o(.constdata__ZTI5c_wnd), (12 bytes).
    Removing uicode.o(.constdata__ZTI15c_surface_no_fb), (12 bytes).
    Removing uicode.o(.constdata__ZTI17c_keyboard_button), (12 bytes).
    Removing uicode.o(.constdata__ZTI5Shape), (8 bytes).
    Removing uicode.o(.constdata__ZTI4Cube), (12 bytes).
    Removing uicode.o(.constdata__ZTI7Pyramid), (12 bytes).
    Removing uicode.o(.constdata__ZTS12c_cmd_target), (15 bytes).
    Removing uicode.o(.constdata__ZTS10c_keyboard), (13 bytes).
    Removing uicode.o(.constdata__ZTS6c_edit), (8 bytes).
    Removing uicode.o(.constdata__ZTI8c_button), (12 bytes).
    Removing uicode.o(.constdata__ZTS9c_surface), (11 bytes).
    Removing uicode.o(.constdata__ZTS15c_surface_no_fb), (18 bytes).
    Removing uicode.o(.constdata__ZTS5c_wnd), (7 bytes).
    Removing uicode.o(.constdata__ZTS17c_keyboard_button), (20 bytes).
    Removing uicode.o(.constdata__ZTS5Shape), (7 bytes).
    Removing uicode.o(.constdata__ZTS4Cube), (6 bytes).
    Removing uicode.o(.constdata__ZTS7Pyramid), (9 bytes).
    Removing uicode.o(.constdata__ZTS8c_button), (10 bytes).
    Removing uicode.o(i._ZN9c_surface10draw_pixelEiijj), (240 bytes).
    Removing uicode.o(.ARM.exidx), (8 bytes).
    Removing uicode.o(i._ZN9c_surface9fill_rectEiiiijj), (260 bytes).
    Removing uicode.o(.ARM.exidx), (8 bytes).
    Removing uicode.o(i._ZN9c_surface15fill_rect_on_fbEiiiij), (214 bytes).
    Removing uicode.o(.ARM.exidx), (8 bytes).
    Removing uicode.o(i._ZN9c_surface16draw_pixel_on_fbEiij), (106 bytes).
    Removing uicode.o(.ARM.exidx), (8 bytes).
    Removing uicode.o(i._ZN15c_surface_no_fb15fill_rect_on_fbEiiiij), (210 bytes).
    Removing uicode.o(.ARM.exidx), (8 bytes).
    Removing uicode.o(i._ZN15c_surface_no_fb16draw_pixel_on_fbEiij), (100 bytes).
    Removing uicode.o(.ARM.exidx), (8 bytes).
    Removing uicode.o(i._ZN5c_wndD1Ev), (2 bytes).
    Removing uicode.o(.ARM.exidx), (8 bytes).
    Removing uicode.o(i._ZN5c_wndD0Ev), (4 bytes).
    Removing uicode.o(.ARM.exidx), (8 bytes).
    Removing uicode.o(i._ZN5c_wnd8on_paintEv), (2 bytes).
    Removing uicode.o(.ARM.exidx), (8 bytes).
    Removing uicode.o(i._ZN5c_wnd14pre_create_wndEv), (2 bytes).
    Removing uicode.o(.ARM.exidx), (8 bytes).
    Removing uicode.o(i._ZN8c_button8on_focusEv), (10 bytes).
    Removing uicode.o(.ARM.exidx), (8 bytes).
    Removing uicode.o(i._ZN8c_button13on_kill_focusEv), (10 bytes).
    Removing uicode.o(.ARM.exidx), (8 bytes).
    Removing uicode.o(i._ZN8c_button14pre_create_wndEv), (28 bytes).
    Removing uicode.o(.ARM.exidx), (8 bytes).
    Removing uicode.o(i._ZN8c_button8on_touchEii12TOUCH_ACTION), (58 bytes).
    Removing uicode.o(.ARM.exidx), (8 bytes).
    Removing uicode.o(i._ZN8c_button11on_navigateE14NAVIGATION_KEY), (56 bytes).
    Removing uicode.o(.ARM.exidx), (8 bytes).
    Removing uicode.o(i._ZN17c_keyboard_button8on_paintEv), (528 bytes).
    Removing uicode.o(.ARM.exidx), (8 bytes).
    Removing uicode.o(i._ZN17c_keyboard_buttonD0Ev), (4 bytes).
    Removing uicode.o(.ARM.exidx), (8 bytes).
    Removing uicode.o(i._ZN9c_surface9draw_rectE6c_rectjjj), (26 bytes).
    Removing uicode.o(.ARM.exidx), (8 bytes).

572 unused section(s) (total 40773 bytes) removed from the image.
